MariaDB [(none)]> show databases
    -> ;
+--------------------+
| Database           |
+--------------------+
| information_schema |
| mysql              |
| performance_schema |
| phpmyadmin         |
| test               |
+--------------------+
5 rows in set (0.05 sec)

MariaDB [(none)]> create database csd2204w18;
Query OK, 1 row affected (0.13 sec)

MariaDB [(none)]> use csd2204w18;
Database changed
MariaDB [csd2204w18]> CREATE TABLE IF NOT EXISTS `countries` (
    ->   `COUNTRY_ID` varchar(2) NOT NULL,
    ->   `COUNTRY_NAME` varchar(40) DEFAULT NULL,
    ->   `REGION_ID` decimal(10,0) DEFAULT NULL,
    ->   PRIMARY KEY (`COUNTRY_ID`),
    ->   KEY `COUNTR_REG_FK` (`REGION_ID`)
    -> ) ;
Query OK, 0 rows affected (0.98 sec)

MariaDB [csd2204w18]> INSERT INTO `countries` (`COUNTRY_ID`, `COUNTRY_NAME`, `REGION_ID`) VALUES
    -> ('AR', 'Argentina', '2'),
    -> ('AU', 'Australia', '3'),
    -> ('BE', 'Belgium', '1'),
    -> ('BR', 'Brazil', '2'),
    -> ('CA', 'Canada', '2'),
    -> ('CH', 'Switzerland', '1'),
    -> ('CN', 'China', '3'),
    -> ('DE', 'Germany', '1'),
    -> ('DK', 'Denmark', '1'),
    -> ('EG', 'Egypt', '4'),
    -> ('FR', 'France', '1'),
    -> ('HK', 'HongKong', '3'),
    -> ('IL', 'Israel', '4'),
    -> ('IN', 'India', '3'),
    -> ('IT', 'Italy', '1'),
    -> ('JP', 'Japan', '3'),
    -> ('KW', 'Kuwait', '4'),
    -> ('MX', 'Mexico', '2'),
    -> ('NG', 'Nigeria', '4'),
    -> ('NL', 'Netherlands', '1'),
    -> ('SG', 'Singapore', '3'),
    -> ('UK', 'United Kingdom', '1'),
    -> ('US', 'United States of America', '2'),
    -> ('ZM', 'Zambia', '4'),
    -> ('ZW', 'Zimbabwe', '4');
Query OK, 25 rows affected (0.25 sec)
Records: 25  Duplicates: 0  Warnings: 0

MariaDB [csd2204w18]> 
MariaDB [csd2204w18]> CREATE TABLE IF NOT EXISTS `departments` (
    ->   `DEPARTMENT_ID` decimal(4,0) NOT NULL DEFAULT '0',
    ->   `DEPARTMENT_NAME` varchar(30) NOT NULL,
    ->   `MANAGER_ID` decimal(6,0) DEFAULT NULL,
    ->   `LOCATION_ID` decimal(4,0) DEFAULT NULL,
    ->   PRIMARY KEY (`DEPARTMENT_ID`),
    ->   KEY `DEPT_MGR_FK` (`MANAGER_ID`),
    ->   KEY `DEPT_LOCATION_IX` (`LOCATION_ID`)
    -> );
Query OK, 0 rows affected (1.20 sec)

MariaDB [csd2204w18]> INSERT INTO `departments` (`DEPARTMENT_ID`, `DEPARTMENT_NAME`, `MANAGER_ID`, `LOCATION_ID`) VALUES
    -> ('10', 'Administration', '200', '1700'),
    -> ('20', 'Marketing', '201', '1800'),
    -> ('30', 'Purchasing', '114', '1700'),
    -> ('40', 'Human Resources', '203', '2400'),
    -> ('50', 'Shipping', '121', '1500'),
    -> ('60', 'IT', '103', '1400'),
    -> ('70', 'Public Relations', '204', '2700'),
    -> ('80', 'Sales', '145', '2500'),
    -> ('90', 'Executive', '100', '1700'),
    -> ('100', 'Finance', '108', '1700'),
    -> ('110', 'Accounting', '205', '1700'),
    -> ('120', 'Treasury', '0', '1700'),
    -> ('130', 'Corporate Tax', '0', '1700'),
    -> ('140', 'Control And Credit', '0', '1700'),
    -> ('150', 'Shareholder Services', '0', '1700'),
    -> ('160', 'Benefits', '0', '1700'),
    -> ('170', 'Manufacturing', '0', '1700'),
    -> ('180', 'Construction', '0', '1700'),
    -> ('190', 'Contracting', '0', '1700'),
    -> ('200', 'Operations', '0', '1700'),
    -> ('210', 'IT Support', '0', '1700'),
    -> ('220', 'NOC', '0', '1700'),
    -> ('230', 'IT Helpdesk', '0', '1700'),
    -> ('240', 'Government Sales', '0', '1700'),
    -> ('250', 'Retail Sales', '0', '1700'),
    -> ('260', 'Recruiting', '0', '1700'),
    -> ('270', 'Payroll', '0', '1700');
Query OK, 27 rows affected (0.30 sec)
Records: 27  Duplicates: 0  Warnings: 0

MariaDB [csd2204w18]> 
MariaDB [csd2204w18]> CREATE TABLE IF NOT EXISTS `employees` (
    ->   `EMPLOYEE_ID` decimal(6,0) NOT NULL DEFAULT '0',
    ->   `FIRST_NAME` varchar(20) DEFAULT NULL,
    ->   `LAST_NAME` varchar(25) NOT NULL,
    ->   `EMAIL` varchar(25) NOT NULL,
    ->   `PHONE_NUMBER` varchar(20) DEFAULT NULL,
    ->   `HIRE_DATE` date NOT NULL,
    ->   `JOB_ID` varchar(10) NOT NULL,
    ->   `SALARY` decimal(8,2) DEFAULT NULL,
    ->   `COMMISSION_PCT` decimal(2,2) DEFAULT NULL,
    ->   `MANAGER_ID` decimal(6,0) DEFAULT NULL,
    ->   `DEPARTMENT_ID` decimal(4,0) DEFAULT NULL,
    ->   PRIMARY KEY (`EMPLOYEE_ID`),
    ->   UNIQUE KEY `EMP_EMAIL_UK` (`EMAIL`),
    ->   KEY `EMP_DEPARTMENT_IX` (`DEPARTMENT_ID`),
    ->   KEY `EMP_JOB_IX` (`JOB_ID`),
    ->   KEY `EMP_MANAGER_IX` (`MANAGER_ID`),
    ->   KEY `EMP_NAME_IX` (`LAST_NAME`,`FIRST_NAME`)
    -> );
Query OK, 0 rows affected (1.00 sec)

MariaDB [csd2204w18]> INSERT INTO `employees` (`EMPLOYEE_ID`, `FIRST_NAME`, `LAST_NAME`, `EMAIL`, `PHONE_NUMBER`, `HIRE_DATE`, `JOB_ID`, `SALARY`, `COMMISSION_PCT`, `MANAGER_ID`, `DEPARTMENT_ID`) VALUES
    -> ('100', 'Steven', 'King', 'SKING', '515.123.4567', '1987-06-17', 'AD_PRES', '24000.00', '0.00', '0', '90'),
    -> ('101', 'Neena', 'Kochhar', 'NKOCHHAR', '515.123.4568', '1987-06-18', 'AD_VP', '17000.00', '0.00', '100', '90'),
    -> ('102', 'Lex', 'De Haan', 'LDEHAAN', '515.123.4569', '1987-06-19', 'AD_VP', '17000.00', '0.00', '100', '90'),
    -> ('103', 'Alexander', 'Hunold', 'AHUNOLD', '590.423.4567', '1987-06-20', 'IT_PROG', '9000.00', '0.00', '102', '60'),
    -> ('104', 'Bruce', 'Ernst', 'BERNST', '590.423.4568', '1987-06-21', 'IT_PROG', '6000.00', '0.00', '103', '60'),
    -> ('105', 'David', 'Austin', 'DAUSTIN', '590.423.4569', '1987-06-22', 'IT_PROG', '4800.00', '0.00', '103', '60'),
    -> ('106', 'Valli', 'Pataballa', 'VPATABAL', '590.423.4560', '1987-06-23', 'IT_PROG', '4800.00', '0.00', '103', '60'),
    -> ('107', 'Diana', 'Lorentz', 'DLORENTZ', '590.423.5567', '1987-06-24', 'IT_PROG', '4200.00', '0.00', '103', '60'),
    -> ('108', 'Nancy', 'Greenberg', 'NGREENBE', '515.124.4569', '1987-06-25', 'FI_MGR', '12000.00', '0.00', '101', '100'),
    -> ('109', 'Daniel', 'Faviet', 'DFAVIET', '515.124.4169', '1987-06-26', 'FI_ACCOUNT', '9000.00', '0.00', '108', '100'),
    -> ('110', 'John', 'Chen', 'JCHEN', '515.124.4269', '1987-06-27', 'FI_ACCOUNT', '8200.00', '0.00', '108', '100'),
    -> ('111', 'Ismael', 'Sciarra', 'ISCIARRA', '515.124.4369', '1987-06-28', 'FI_ACCOUNT', '7700.00', '0.00', '108', '100'),
    -> ('112', 'Jose Manuel', 'Urman', 'JMURMAN', '515.124.4469', '1987-06-29', 'FI_ACCOUNT', '7800.00', '0.00', '108', '100'),
    -> ('113', 'Luis', 'Popp', 'LPOPP', '515.124.4567', '1987-06-30', 'FI_ACCOUNT', '6900.00', '0.00', '108', '100'),
    -> ('114', 'Den', 'Raphaely', 'DRAPHEAL', '515.127.4561', '1987-07-01', 'PU_MAN', '11000.00', '0.00', '100', '30'),
    -> ('115', 'Alexander', 'Khoo', 'AKHOO', '515.127.4562', '1987-07-02', 'PU_CLERK', '3100.00', '0.00', '114', '30'),
    -> ('116', 'Shelli', 'Baida', 'SBAIDA', '515.127.4563', '1987-07-03', 'PU_CLERK', '2900.00', '0.00', '114', '30'),
    -> ('117', 'Sigal', 'Tobias', 'STOBIAS', '515.127.4564', '1987-07-04', 'PU_CLERK', '2800.00', '0.00', '114', '30'),
    -> ('118', 'Guy', 'Himuro', 'GHIMURO', '515.127.4565', '1987-07-05', 'PU_CLERK', '2600.00', '0.00', '114', '30'),
    -> ('119', 'Karen', 'Colmenares', 'KCOLMENA', '515.127.4566', '1987-07-06', 'PU_CLERK', '2500.00', '0.00', '114', '30'),
    -> ('120', 'Matthew', 'Weiss', 'MWEISS', '650.123.1234', '1987-07-07', 'ST_MAN', '8000.00', '0.00', '100', '50'),
    -> ('121', 'Adam', 'Fripp', 'AFRIPP', '650.123.2234', '1987-07-08', 'ST_MAN', '8200.00', '0.00', '100', '50'),
    -> ('122', 'Payam', 'Kaufling', 'PKAUFLIN', '650.123.3234', '1987-07-09', 'ST_MAN', '7900.00', '0.00', '100', '50'),
    -> ('123', 'Shanta', 'Vollman', 'SVOLLMAN', '650.123.4234', '1987-07-10', 'ST_MAN', '6500.00', '0.00', '100', '50'),
    -> ('124', 'Kevin', 'Mourgos', 'KMOURGOS', '650.123.5234', '1987-07-11', 'ST_MAN', '5800.00', '0.00', '100', '50'),
    -> ('125', 'Julia', 'Nayer', 'JNAYER', '650.124.1214', '1987-07-12', 'ST_CLERK', '3200.00', '0.00', '120', '50'),
    -> ('126', 'Irene', 'Mikkilineni', 'IMIKKILI', '650.124.1224', '1987-07-13', 'ST_CLERK', '2700.00', '0.00', '120', '50'),
    -> ('127', 'James', 'Landry', 'JLANDRY', '650.124.1334', '1987-07-14', 'ST_CLERK', '2400.00', '0.00', '120', '50'),
    -> ('128', 'Steven', 'Markle', 'SMARKLE', '650.124.1434', '1987-07-15', 'ST_CLERK', '2200.00', '0.00', '120', '50'),
    -> ('129', 'Laura', 'Bissot', 'LBISSOT', '650.124.5234', '1987-07-16', 'ST_CLERK', '3300.00', '0.00', '121', '50'),
    -> ('130', 'Mozhe', 'Atkinson', 'MATKINSO', '650.124.6234', '1987-07-17', 'ST_CLERK', '2800.00', '0.00', '121', '50'),
    -> ('131', 'James', 'Marlow', 'JAMRLOW', '650.124.7234', '1987-07-18', 'ST_CLERK', '2500.00', '0.00', '121', '50'),
    -> ('132', 'TJ', 'Olson', 'TJOLSON', '650.124.8234', '1987-07-19', 'ST_CLERK', '2100.00', '0.00', '121', '50'),
    -> ('133', 'Jason', 'Mallin', 'JMALLIN', '650.127.1934', '1987-07-20', 'ST_CLERK', '3300.00', '0.00', '122', '50'),
    -> ('134', 'Michael', 'Rogers', 'MROGERS', '650.127.1834', '1987-07-21', 'ST_CLERK', '2900.00', '0.00', '122', '50'),
    -> ('135', 'Ki', 'Gee', 'KGEE', '650.127.1734', '1987-07-22', 'ST_CLERK', '2400.00', '0.00', '122', '50'),
    -> ('136', 'Hazel', 'Philtanker', 'HPHILTAN', '650.127.1634', '1987-07-23', 'ST_CLERK', '2200.00', '0.00', '122', '50'),
    -> ('137', 'Renske', 'Ladwig', 'RLADWIG', '650.121.1234', '1987-07-24', 'ST_CLERK', '3600.00', '0.00', '123', '50'),
    -> ('138', 'Stephen', 'Stiles', 'SSTILES', '650.121.2034', '1987-07-25', 'ST_CLERK', '3200.00', '0.00', '123', '50'),
    -> ('139', 'John', 'Seo', 'JSEO', '650.121.2019', '1987-07-26', 'ST_CLERK', '2700.00', '0.00', '123', '50'),
    -> ('140', 'Joshua', 'Patel', 'JPATEL', '650.121.1834', '1987-07-27', 'ST_CLERK', '2500.00', '0.00', '123', '50'),
    -> ('141', 'Trenna', 'Rajs', 'TRAJS', '650.121.8009', '1987-07-28', 'ST_CLERK', '3500.00', '0.00', '124', '50'),
    -> ('142', 'Curtis', 'Davies', 'CDAVIES', '650.121.2994', '1987-07-29', 'ST_CLERK', '3100.00', '0.00', '124', '50'),
    -> ('143', 'Randall', 'Matos', 'RMATOS', '650.121.2874', '1987-07-30', 'ST_CLERK', '2600.00', '0.00', '124', '50'),
    -> ('144', 'Peter', 'Vargas', 'PVARGAS', '650.121.2004', '1987-07-31', 'ST_CLERK', '2500.00', '0.00', '124', '50'),
    -> ('145', 'John', 'Russell', 'JRUSSEL', '011.44.1344.429268', '1987-08-01', 'SA_MAN', '14000.00', '0.40', '100', '80'),
    -> ('146', 'Karen', 'Partners', 'KPARTNER', '011.44.1344.467268', '1987-08-02', 'SA_MAN', '13500.00', '0.30', '100', '80'),
    -> ('147', 'Alberto', 'Errazuriz', 'AERRAZUR', '011.44.1344.429278', '1987-08-03', 'SA_MAN', '12000.00', '0.30', '100', '80'),
    -> ('148', 'Gerald', 'Cambrault', 'GCAMBRAU', '011.44.1344.619268', '1987-08-04', 'SA_MAN', '11000.00', '0.30', '100', '80'),
    -> ('149', 'Eleni', 'Zlotkey', 'EZLOTKEY', '011.44.1344.429018', '1987-08-05', 'SA_MAN', '10500.00', '0.20', '100', '80'),
    -> ('150', 'Peter', 'Tucker', 'PTUCKER', '011.44.1344.129268', '1987-08-06', 'SA_REP', '10000.00', '0.30', '145', '80'),
    -> ('151', 'David', 'Bernstein', 'DBERNSTE', '011.44.1344.345268', '1987-08-07', 'SA_REP', '9500.00', '0.25', '145', '80'),
    -> ('152', 'Peter', 'Hall', 'PHALL', '011.44.1344.478968', '1987-08-08', 'SA_REP', '9000.00', '0.25', '145', '80'),
    -> ('153', 'Christopher', 'Olsen', 'COLSEN', '011.44.1344.498718', '1987-08-09', 'SA_REP', '8000.00', '0.20', '145', '80'),
    -> ('154', 'Nanette', 'Cambrault', 'NCAMBRAU', '011.44.1344.987668', '1987-08-10', 'SA_REP', '7500.00', '0.20', '145', '80'),
    -> ('155', 'Oliver', 'Tuvault', 'OTUVAULT', '011.44.1344.486508', '1987-08-11', 'SA_REP', '7000.00', '0.15', '145', '80'),
    -> ('156', 'Janette', 'King', 'JKING', '011.44.1345.429268', '1987-08-12', 'SA_REP', '10000.00', '0.35', '146', '80'),
    -> ('157', 'Patrick', 'Sully', 'PSULLY', '011.44.1345.929268', '1987-08-13', 'SA_REP', '9500.00', '0.35', '146', '80'),
    -> ('158', 'Allan', 'McEwen', 'AMCEWEN', '011.44.1345.829268', '1987-08-14', 'SA_REP', '9000.00', '0.35', '146', '80'),
    -> ('159', 'Lindsey', 'Smith', 'LSMITH', '011.44.1345.729268', '1987-08-15', 'SA_REP', '8000.00', '0.30', '146', '80'),
    -> ('160', 'Louise', 'Doran', 'LDORAN', '011.44.1345.629268', '1987-08-16', 'SA_REP', '7500.00', '0.30', '146', '80'),
    -> ('161', 'Sarath', 'Sewall', 'SSEWALL', '011.44.1345.529268', '1987-08-17', 'SA_REP', '7000.00', '0.25', '146', '80'),
    -> ('162', 'Clara', 'Vishney', 'CVISHNEY', '011.44.1346.129268', '1987-08-18', 'SA_REP', '10500.00', '0.25', '147', '80'),
    -> ('163', 'Danielle', 'Greene', 'DGREENE', '011.44.1346.229268', '1987-08-19', 'SA_REP', '9500.00', '0.15', '147', '80'),
    -> ('164', 'Mattea', 'Marvins', 'MMARVINS', '011.44.1346.329268', '1987-08-20', 'SA_REP', '7200.00', '0.10', '147', '80'),
    -> ('165', 'David', 'Lee', 'DLEE', '011.44.1346.529268', '1987-08-21', 'SA_REP', '6800.00', '0.10', '147', '80'),
    -> ('166', 'Sundar', 'Ande', 'SANDE', '011.44.1346.629268', '1987-08-22', 'SA_REP', '6400.00', '0.10', '147', '80'),
    -> ('167', 'Amit', 'Banda', 'ABANDA', '011.44.1346.729268', '1987-08-23', 'SA_REP', '6200.00', '0.10', '147', '80'),
    -> ('168', 'Lisa', 'Ozer', 'LOZER', '011.44.1343.929268', '1987-08-24', 'SA_REP', '11500.00', '0.25', '148', '80'),
    -> ('169', 'Harrison', 'Bloom', 'HBLOOM', '011.44.1343.829268', '1987-08-25', 'SA_REP', '10000.00', '0.20', '148', '80'),
    -> ('170', 'Tayler', 'Fox', 'TFOX', '011.44.1343.729268', '1987-08-26', 'SA_REP', '9600.00', '0.20', '148', '80'),
    -> ('171', 'William', 'Smith', 'WSMITH', '011.44.1343.629268', '1987-08-27', 'SA_REP', '7400.00', '0.15', '148', '80'),
    -> ('172', 'Elizabeth', 'Bates', 'EBATES', '011.44.1343.529268', '1987-08-28', 'SA_REP', '7300.00', '0.15', '148', '80'),
    -> ('173', 'Sundita', 'Kumar', 'SKUMAR', '011.44.1343.329268', '1987-08-29', 'SA_REP', '6100.00', '0.10', '148', '80'),
    -> ('174', 'Ellen', 'Abel', 'EABEL', '011.44.1644.429267', '1987-08-30', 'SA_REP', '11000.00', '0.30', '149', '80'),
    -> ('175', 'Alyssa', 'Hutton', 'AHUTTON', '011.44.1644.429266', '1987-08-31', 'SA_REP', '8800.00', '0.25', '149', '80'),
    -> ('176', 'Jonathon', 'Taylor', 'JTAYLOR', '011.44.1644.429265', '1987-09-01', 'SA_REP', '8600.00', '0.20', '149', '80'),
    -> ('177', 'Jack', 'Livingston', 'JLIVINGS', '011.44.1644.429264', '1987-09-02', 'SA_REP', '8400.00', '0.20', '149', '80'),
    -> ('178', 'Kimberely', 'Grant', 'KGRANT', '011.44.1644.429263', '1987-09-03', 'SA_REP', '7000.00', '0.15', '149', '0'),
    -> ('179', 'Charles', 'Johnson', 'CJOHNSON', '011.44.1644.429262', '1987-09-04', 'SA_REP', '6200.00', '0.10', '149', '80'),
    -> ('180', 'Winston', 'Taylor', 'WTAYLOR', '650.507.9876', '1987-09-05', 'SH_CLERK', '3200.00', '0.00', '120', '50'),
    -> ('181', 'Jean', 'Fleaur', 'JFLEAUR', '650.507.9877', '1987-09-06', 'SH_CLERK', '3100.00', '0.00', '120', '50'),
    -> ('182', 'Martha', 'Sullivan', 'MSULLIVA', '650.507.9878', '1987-09-07', 'SH_CLERK', '2500.00', '0.00', '120', '50'),
    -> ('183', 'Girard', 'Geoni', 'GGEONI', '650.507.9879', '1987-09-08', 'SH_CLERK', '2800.00', '0.00', '120', '50'),
    -> ('184', 'Nandita', 'Sarchand', 'NSARCHAN', '650.509.1876', '1987-09-09', 'SH_CLERK', '4200.00', '0.00', '121', '50'),
    -> ('185', 'Alexis', 'Bull', 'ABULL', '650.509.2876', '1987-09-10', 'SH_CLERK', '4100.00', '0.00', '121', '50'),
    -> ('186', 'Julia', 'Dellinger', 'JDELLING', '650.509.3876', '1987-09-11', 'SH_CLERK', '3400.00', '0.00', '121', '50'),
    -> ('187', 'Anthony', 'Cabrio', 'ACABRIO', '650.509.4876', '1987-09-12', 'SH_CLERK', '3000.00', '0.00', '121', '50'),
    -> ('188', 'Kelly', 'Chung', 'KCHUNG', '650.505.1876', '1987-09-13', 'SH_CLERK', '3800.00', '0.00', '122', '50'),
    -> ('189', 'Jennifer', 'Dilly', 'JDILLY', '650.505.2876', '1987-09-14', 'SH_CLERK', '3600.00', '0.00', '122', '50'),
    -> ('190', 'Timothy', 'Gates', 'TGATES', '650.505.3876', '1987-09-15', 'SH_CLERK', '2900.00', '0.00', '122', '50'),
    -> ('191', 'Randall', 'Perkins', 'RPERKINS', '650.505.4876', '1987-09-16', 'SH_CLERK', '2500.00', '0.00', '122', '50'),
    -> ('192', 'Sarah', 'Bell', 'SBELL', '650.501.1876', '1987-09-17', 'SH_CLERK', '4000.00', '0.00', '123', '50'),
    -> ('193', 'Britney', 'Everett', 'BEVERETT', '650.501.2876', '1987-09-18', 'SH_CLERK', '3900.00', '0.00', '123', '50'),
    -> ('194', 'Samuel', 'McCain', 'SMCCAIN', '650.501.3876', '1987-09-19', 'SH_CLERK', '3200.00', '0.00', '123', '50'),
    -> ('195', 'Vance', 'Jones', 'VJONES', '650.501.4876', '1987-09-20', 'SH_CLERK', '2800.00', '0.00', '123', '50'),
    -> ('196', 'Alana', 'Walsh', 'AWALSH', '650.507.9811', '1987-09-21', 'SH_CLERK', '3100.00', '0.00', '124', '50'),
    -> ('197', 'Kevin', 'Feeney', 'KFEENEY', '650.507.9822', '1987-09-22', 'SH_CLERK', '3000.00', '0.00', '124', '50'),
    -> ('198', 'Donald', 'OConnell', 'DOCONNEL', '650.507.9833', '1987-09-23', 'SH_CLERK', '2600.00', '0.00', '124', '50'),
    -> ('199', 'Douglas', 'Grant', 'DGRANT', '650.507.9844', '1987-09-24', 'SH_CLERK', '2600.00', '0.00', '124', '50'),
    -> ('200', 'Jennifer', 'Whalen', 'JWHALEN', '515.123.4444', '1987-09-25', 'AD_ASST', '4400.00', '0.00', '101', '10'),
    -> ('201', 'Michael', 'Hartstein', 'MHARTSTE', '515.123.5555', '1987-09-26', 'MK_MAN', '13000.00', '0.00', '100', '20'),
    -> ('202', 'Pat', 'Fay', 'PFAY', '603.123.6666', '1987-09-27', 'MK_REP', '6000.00', '0.00', '201', '20'),
    -> ('203', 'Susan', 'Mavris', 'SMAVRIS', '515.123.7777', '1987-09-28', 'HR_REP', '6500.00', '0.00', '101', '40'),
    -> ('204', 'Hermann', 'Baer', 'HBAER', '515.123.8888', '1987-09-29', 'PR_REP', '10000.00', '0.00', '101', '70'),
    -> ('205', 'Shelley', 'Higgins', 'SHIGGINS', '515.123.8080', '1987-09-30', 'AC_MGR', '12000.00', '0.00', '101', '110'),
    -> ('206', 'William', 'Gietz', 'WGIETZ', '515.123.8181', '1987-10-01', 'AC_ACCOUNT', '8300.00', '0.00', '205', '110');
Query OK, 107 rows affected (0.16 sec)
Records: 107  Duplicates: 0  Warnings: 0

MariaDB [csd2204w18]> 
MariaDB [csd2204w18]> show tables;
+----------------------+
| Tables_in_csd2204w18 |
+----------------------+
| countries            |
| departments          |
| employees            |
+----------------------+
3 rows in set (0.02 sec)

MariaDB [csd2204w18]> select * from employees;
+-------------+-------------+-------------+----------+--------------------+------------+------------+----------+----------------+------------+---------------+
| EMPLOYEE_ID | FIRST_NAME  | LAST_NAME   | EMAIL    | PHONE_NUMBER       | HIRE_DATE  | JOB_ID     | SALARY   | COMMISSION_PCT | MANAGER_ID | DEPARTMENT_ID |
+-------------+-------------+-------------+----------+--------------------+------------+------------+----------+----------------+------------+---------------+
|         100 | Steven      | King        | SKING    | 515.123.4567       | 1987-06-17 | AD_PRES    | 24000.00 |           0.00 |          0 |            90 |
|         101 | Neena       | Kochhar     | NKOCHHAR | 515.123.4568       | 1987-06-18 | AD_VP      | 17000.00 |           0.00 |        100 |            90 |
|         102 | Lex         | De Haan     | LDEHAAN  | 515.123.4569       | 1987-06-19 | AD_VP      | 17000.00 |           0.00 |        100 |            90 |
|         103 | Alexander   | Hunold      | AHUNOLD  | 590.423.4567       | 1987-06-20 | IT_PROG    |  9000.00 |           0.00 |        102 |            60 |
|         104 | Bruce       | Ernst       | BERNST   | 590.423.4568       | 1987-06-21 | IT_PROG    |  6000.00 |           0.00 |        103 |            60 |
|         105 | David       | Austin      | DAUSTIN  | 590.423.4569       | 1987-06-22 | IT_PROG    |  4800.00 |           0.00 |        103 |            60 |
|         106 | Valli       | Pataballa   | VPATABAL | 590.423.4560       | 1987-06-23 | IT_PROG    |  4800.00 |           0.00 |        103 |            60 |
|         107 | Diana       | Lorentz     | DLORENTZ | 590.423.5567       | 1987-06-24 | IT_PROG    |  4200.00 |           0.00 |        103 |            60 |
|         108 | Nancy       | Greenberg   | NGREENBE | 515.124.4569       | 1987-06-25 | FI_MGR     | 12000.00 |           0.00 |        101 |           100 |
|         109 | Daniel      | Faviet      | DFAVIET  | 515.124.4169       | 1987-06-26 | FI_ACCOUNT |  9000.00 |           0.00 |        108 |           100 |
|         110 | John        | Chen        | JCHEN    | 515.124.4269       | 1987-06-27 | FI_ACCOUNT |  8200.00 |           0.00 |        108 |           100 |
|         111 | Ismael      | Sciarra     | ISCIARRA | 515.124.4369       | 1987-06-28 | FI_ACCOUNT |  7700.00 |           0.00 |        108 |           100 |
|         112 | Jose Manuel | Urman       | JMURMAN  | 515.124.4469       | 1987-06-29 | FI_ACCOUNT |  7800.00 |           0.00 |        108 |           100 |
|         113 | Luis        | Popp        | LPOPP    | 515.124.4567       | 1987-06-30 | FI_ACCOUNT |  6900.00 |           0.00 |        108 |           100 |
|         114 | Den         | Raphaely    | DRAPHEAL | 515.127.4561       | 1987-07-01 | PU_MAN     | 11000.00 |           0.00 |        100 |            30 |
|         115 | Alexander   | Khoo        | AKHOO    | 515.127.4562       | 1987-07-02 | PU_CLERK   |  3100.00 |           0.00 |        114 |            30 |
|         116 | Shelli      | Baida       | SBAIDA   | 515.127.4563       | 1987-07-03 | PU_CLERK   |  2900.00 |           0.00 |        114 |            30 |
|         117 | Sigal       | Tobias      | STOBIAS  | 515.127.4564       | 1987-07-04 | PU_CLERK   |  2800.00 |           0.00 |        114 |            30 |
|         118 | Guy         | Himuro      | GHIMURO  | 515.127.4565       | 1987-07-05 | PU_CLERK   |  2600.00 |           0.00 |        114 |            30 |
|         119 | Karen       | Colmenares  | KCOLMENA | 515.127.4566       | 1987-07-06 | PU_CLERK   |  2500.00 |           0.00 |        114 |            30 |
|         120 | Matthew     | Weiss       | MWEISS   | 650.123.1234       | 1987-07-07 | ST_MAN     |  8000.00 |           0.00 |        100 |            50 |
|         121 | Adam        | Fripp       | AFRIPP   | 650.123.2234       | 1987-07-08 | ST_MAN     |  8200.00 |           0.00 |        100 |            50 |
|         122 | Payam       | Kaufling    | PKAUFLIN | 650.123.3234       | 1987-07-09 | ST_MAN     |  7900.00 |           0.00 |        100 |            50 |
|         123 | Shanta      | Vollman     | SVOLLMAN | 650.123.4234       | 1987-07-10 | ST_MAN     |  6500.00 |           0.00 |        100 |            50 |
|         124 | Kevin       | Mourgos     | KMOURGOS | 650.123.5234       | 1987-07-11 | ST_MAN     |  5800.00 |           0.00 |        100 |            50 |
|         125 | Julia       | Nayer       | JNAYER   | 650.124.1214       | 1987-07-12 | ST_CLERK   |  3200.00 |           0.00 |        120 |            50 |
|         126 | Irene       | Mikkilineni | IMIKKILI | 650.124.1224       | 1987-07-13 | ST_CLERK   |  2700.00 |           0.00 |        120 |            50 |
|         127 | James       | Landry      | JLANDRY  | 650.124.1334       | 1987-07-14 | ST_CLERK   |  2400.00 |           0.00 |        120 |            50 |
|         128 | Steven      | Markle      | SMARKLE  | 650.124.1434       | 1987-07-15 | ST_CLERK   |  2200.00 |           0.00 |        120 |            50 |
|         129 | Laura       | Bissot      | LBISSOT  | 650.124.5234       | 1987-07-16 | ST_CLERK   |  3300.00 |           0.00 |        121 |            50 |
|         130 | Mozhe       | Atkinson    | MATKINSO | 650.124.6234       | 1987-07-17 | ST_CLERK   |  2800.00 |           0.00 |        121 |            50 |
|         131 | James       | Marlow      | JAMRLOW  | 650.124.7234       | 1987-07-18 | ST_CLERK   |  2500.00 |           0.00 |        121 |            50 |
|         132 | TJ          | Olson       | TJOLSON  | 650.124.8234       | 1987-07-19 | ST_CLERK   |  2100.00 |           0.00 |        121 |            50 |
|         133 | Jason       | Mallin      | JMALLIN  | 650.127.1934       | 1987-07-20 | ST_CLERK   |  3300.00 |           0.00 |        122 |            50 |
|         134 | Michael     | Rogers      | MROGERS  | 650.127.1834       | 1987-07-21 | ST_CLERK   |  2900.00 |           0.00 |        122 |            50 |
|         135 | Ki          | Gee         | KGEE     | 650.127.1734       | 1987-07-22 | ST_CLERK   |  2400.00 |           0.00 |        122 |            50 |
|         136 | Hazel       | Philtanker  | HPHILTAN | 650.127.1634       | 1987-07-23 | ST_CLERK   |  2200.00 |           0.00 |        122 |            50 |
|         137 | Renske      | Ladwig      | RLADWIG  | 650.121.1234       | 1987-07-24 | ST_CLERK   |  3600.00 |           0.00 |        123 |            50 |
|         138 | Stephen     | Stiles      | SSTILES  | 650.121.2034       | 1987-07-25 | ST_CLERK   |  3200.00 |           0.00 |        123 |            50 |
|         139 | John        | Seo         | JSEO     | 650.121.2019       | 1987-07-26 | ST_CLERK   |  2700.00 |           0.00 |        123 |            50 |
|         140 | Joshua      | Patel       | JPATEL   | 650.121.1834       | 1987-07-27 | ST_CLERK   |  2500.00 |           0.00 |        123 |            50 |
|         141 | Trenna      | Rajs        | TRAJS    | 650.121.8009       | 1987-07-28 | ST_CLERK   |  3500.00 |           0.00 |        124 |            50 |
|         142 | Curtis      | Davies      | CDAVIES  | 650.121.2994       | 1987-07-29 | ST_CLERK   |  3100.00 |           0.00 |        124 |            50 |
|         143 | Randall     | Matos       | RMATOS   | 650.121.2874       | 1987-07-30 | ST_CLERK   |  2600.00 |           0.00 |        124 |            50 |
|         144 | Peter       | Vargas      | PVARGAS  | 650.121.2004       | 1987-07-31 | ST_CLERK   |  2500.00 |           0.00 |        124 |            50 |
|         145 | John        | Russell     | JRUSSEL  | 011.44.1344.429268 | 1987-08-01 | SA_MAN     | 14000.00 |           0.40 |        100 |            80 |
|         146 | Karen       | Partners    | KPARTNER | 011.44.1344.467268 | 1987-08-02 | SA_MAN     | 13500.00 |           0.30 |        100 |            80 |
|         147 | Alberto     | Errazuriz   | AERRAZUR | 011.44.1344.429278 | 1987-08-03 | SA_MAN     | 12000.00 |           0.30 |        100 |            80 |
|         148 | Gerald      | Cambrault   | GCAMBRAU | 011.44.1344.619268 | 1987-08-04 | SA_MAN     | 11000.00 |           0.30 |        100 |            80 |
|         149 | Eleni       | Zlotkey     | EZLOTKEY | 011.44.1344.429018 | 1987-08-05 | SA_MAN     | 10500.00 |           0.20 |        100 |            80 |
|         150 | Peter       | Tucker      | PTUCKER  | 011.44.1344.129268 | 1987-08-06 | SA_REP     | 10000.00 |           0.30 |        145 |            80 |
|         151 | David       | Bernstein   | DBERNSTE | 011.44.1344.345268 | 1987-08-07 | SA_REP     |  9500.00 |           0.25 |        145 |            80 |
|         152 | Peter       | Hall        | PHALL    | 011.44.1344.478968 | 1987-08-08 | SA_REP     |  9000.00 |           0.25 |        145 |            80 |
|         153 | Christopher | Olsen       | COLSEN   | 011.44.1344.498718 | 1987-08-09 | SA_REP     |  8000.00 |           0.20 |        145 |            80 |
|         154 | Nanette     | Cambrault   | NCAMBRAU | 011.44.1344.987668 | 1987-08-10 | SA_REP     |  7500.00 |           0.20 |        145 |            80 |
|         155 | Oliver      | Tuvault     | OTUVAULT | 011.44.1344.486508 | 1987-08-11 | SA_REP     |  7000.00 |           0.15 |        145 |            80 |
|         156 | Janette     | King        | JKING    | 011.44.1345.429268 | 1987-08-12 | SA_REP     | 10000.00 |           0.35 |        146 |            80 |
|         157 | Patrick     | Sully       | PSULLY   | 011.44.1345.929268 | 1987-08-13 | SA_REP     |  9500.00 |           0.35 |        146 |            80 |
|         158 | Allan       | McEwen      | AMCEWEN  | 011.44.1345.829268 | 1987-08-14 | SA_REP     |  9000.00 |           0.35 |        146 |            80 |
|         159 | Lindsey     | Smith       | LSMITH   | 011.44.1345.729268 | 1987-08-15 | SA_REP     |  8000.00 |           0.30 |        146 |            80 |
|         160 | Louise      | Doran       | LDORAN   | 011.44.1345.629268 | 1987-08-16 | SA_REP     |  7500.00 |           0.30 |        146 |            80 |
|         161 | Sarath      | Sewall      | SSEWALL  | 011.44.1345.529268 | 1987-08-17 | SA_REP     |  7000.00 |           0.25 |        146 |            80 |
|         162 | Clara       | Vishney     | CVISHNEY | 011.44.1346.129268 | 1987-08-18 | SA_REP     | 10500.00 |           0.25 |        147 |            80 |
|         163 | Danielle    | Greene      | DGREENE  | 011.44.1346.229268 | 1987-08-19 | SA_REP     |  9500.00 |           0.15 |        147 |            80 |
|         164 | Mattea      | Marvins     | MMARVINS | 011.44.1346.329268 | 1987-08-20 | SA_REP     |  7200.00 |           0.10 |        147 |            80 |
|         165 | David       | Lee         | DLEE     | 011.44.1346.529268 | 1987-08-21 | SA_REP     |  6800.00 |           0.10 |        147 |            80 |
|         166 | Sundar      | Ande        | SANDE    | 011.44.1346.629268 | 1987-08-22 | SA_REP     |  6400.00 |           0.10 |        147 |            80 |
|         167 | Amit        | Banda       | ABANDA   | 011.44.1346.729268 | 1987-08-23 | SA_REP     |  6200.00 |           0.10 |        147 |            80 |
|         168 | Lisa        | Ozer        | LOZER    | 011.44.1343.929268 | 1987-08-24 | SA_REP     | 11500.00 |           0.25 |        148 |            80 |
|         169 | Harrison    | Bloom       | HBLOOM   | 011.44.1343.829268 | 1987-08-25 | SA_REP     | 10000.00 |           0.20 |        148 |            80 |
|         170 | Tayler      | Fox         | TFOX     | 011.44.1343.729268 | 1987-08-26 | SA_REP     |  9600.00 |           0.20 |        148 |            80 |
|         171 | William     | Smith       | WSMITH   | 011.44.1343.629268 | 1987-08-27 | SA_REP     |  7400.00 |           0.15 |        148 |            80 |
|         172 | Elizabeth   | Bates       | EBATES   | 011.44.1343.529268 | 1987-08-28 | SA_REP     |  7300.00 |           0.15 |        148 |            80 |
|         173 | Sundita     | Kumar       | SKUMAR   | 011.44.1343.329268 | 1987-08-29 | SA_REP     |  6100.00 |           0.10 |        148 |            80 |
|         174 | Ellen       | Abel        | EABEL    | 011.44.1644.429267 | 1987-08-30 | SA_REP     | 11000.00 |           0.30 |        149 |            80 |
|         175 | Alyssa      | Hutton      | AHUTTON  | 011.44.1644.429266 | 1987-08-31 | SA_REP     |  8800.00 |           0.25 |        149 |            80 |
|         176 | Jonathon    | Taylor      | JTAYLOR  | 011.44.1644.429265 | 1987-09-01 | SA_REP     |  8600.00 |           0.20 |        149 |            80 |
|         177 | Jack        | Livingston  | JLIVINGS | 011.44.1644.429264 | 1987-09-02 | SA_REP     |  8400.00 |           0.20 |        149 |            80 |
|         178 | Kimberely   | Grant       | KGRANT   | 011.44.1644.429263 | 1987-09-03 | SA_REP     |  7000.00 |           0.15 |        149 |             0 |
|         179 | Charles     | Johnson     | CJOHNSON | 011.44.1644.429262 | 1987-09-04 | SA_REP     |  6200.00 |           0.10 |        149 |            80 |
|         180 | Winston     | Taylor      | WTAYLOR  | 650.507.9876       | 1987-09-05 | SH_CLERK   |  3200.00 |           0.00 |        120 |            50 |
|         181 | Jean        | Fleaur      | JFLEAUR  | 650.507.9877       | 1987-09-06 | SH_CLERK   |  3100.00 |           0.00 |        120 |            50 |
|         182 | Martha      | Sullivan    | MSULLIVA | 650.507.9878       | 1987-09-07 | SH_CLERK   |  2500.00 |           0.00 |        120 |            50 |
|         183 | Girard      | Geoni       | GGEONI   | 650.507.9879       | 1987-09-08 | SH_CLERK   |  2800.00 |           0.00 |        120 |            50 |
|         184 | Nandita     | Sarchand    | NSARCHAN | 650.509.1876       | 1987-09-09 | SH_CLERK   |  4200.00 |           0.00 |        121 |            50 |
|         185 | Alexis      | Bull        | ABULL    | 650.509.2876       | 1987-09-10 | SH_CLERK   |  4100.00 |           0.00 |        121 |            50 |
|         186 | Julia       | Dellinger   | JDELLING | 650.509.3876       | 1987-09-11 | SH_CLERK   |  3400.00 |           0.00 |        121 |            50 |
|         187 | Anthony     | Cabrio      | ACABRIO  | 650.509.4876       | 1987-09-12 | SH_CLERK   |  3000.00 |           0.00 |        121 |            50 |
|         188 | Kelly       | Chung       | KCHUNG   | 650.505.1876       | 1987-09-13 | SH_CLERK   |  3800.00 |           0.00 |        122 |            50 |
|         189 | Jennifer    | Dilly       | JDILLY   | 650.505.2876       | 1987-09-14 | SH_CLERK   |  3600.00 |           0.00 |        122 |            50 |
|         190 | Timothy     | Gates       | TGATES   | 650.505.3876       | 1987-09-15 | SH_CLERK   |  2900.00 |           0.00 |        122 |            50 |
|         191 | Randall     | Perkins     | RPERKINS | 650.505.4876       | 1987-09-16 | SH_CLERK   |  2500.00 |           0.00 |        122 |            50 |
|         192 | Sarah       | Bell        | SBELL    | 650.501.1876       | 1987-09-17 | SH_CLERK   |  4000.00 |           0.00 |        123 |            50 |
|         193 | Britney     | Everett     | BEVERETT | 650.501.2876       | 1987-09-18 | SH_CLERK   |  3900.00 |           0.00 |        123 |            50 |
|         194 | Samuel      | McCain      | SMCCAIN  | 650.501.3876       | 1987-09-19 | SH_CLERK   |  3200.00 |           0.00 |        123 |            50 |
|         195 | Vance       | Jones       | VJONES   | 650.501.4876       | 1987-09-20 | SH_CLERK   |  2800.00 |           0.00 |        123 |            50 |
|         196 | Alana       | Walsh       | AWALSH   | 650.507.9811       | 1987-09-21 | SH_CLERK   |  3100.00 |           0.00 |        124 |            50 |
|         197 | Kevin       | Feeney      | KFEENEY  | 650.507.9822       | 1987-09-22 | SH_CLERK   |  3000.00 |           0.00 |        124 |            50 |
|         198 | Donald      | OConnell    | DOCONNEL | 650.507.9833       | 1987-09-23 | SH_CLERK   |  2600.00 |           0.00 |        124 |            50 |
|         199 | Douglas     | Grant       | DGRANT   | 650.507.9844       | 1987-09-24 | SH_CLERK   |  2600.00 |           0.00 |        124 |            50 |
|         200 | Jennifer    | Whalen      | JWHALEN  | 515.123.4444       | 1987-09-25 | AD_ASST    |  4400.00 |           0.00 |        101 |            10 |
|         201 | Michael     | Hartstein   | MHARTSTE | 515.123.5555       | 1987-09-26 | MK_MAN     | 13000.00 |           0.00 |        100 |            20 |
|         202 | Pat         | Fay         | PFAY     | 603.123.6666       | 1987-09-27 | MK_REP     |  6000.00 |           0.00 |        201 |            20 |
|         203 | Susan       | Mavris      | SMAVRIS  | 515.123.7777       | 1987-09-28 | HR_REP     |  6500.00 |           0.00 |        101 |            40 |
|         204 | Hermann     | Baer        | HBAER    | 515.123.8888       | 1987-09-29 | PR_REP     | 10000.00 |           0.00 |        101 |            70 |
|         205 | Shelley     | Higgins     | SHIGGINS | 515.123.8080       | 1987-09-30 | AC_MGR     | 12000.00 |           0.00 |        101 |           110 |
|         206 | William     | Gietz       | WGIETZ   | 515.123.8181       | 1987-10-01 | AC_ACCOUNT |  8300.00 |           0.00 |        205 |           110 |
+-------------+-------------+-------------+----------+--------------------+------------+------------+----------+----------------+------------+---------------+
107 rows in set (0.00 sec)

MariaDB [csd2204w18]> select employee_id, INSERT INTO `employees` (`EMPLOYEE_ID`, `FIRST_NAME`, `LAST_NAME`, `EMAIL`, `PHONE_NUMBER`, `HIRE_DATE`, `JOB_ID`, `SALARY`, `COMMISSION_PCT`, `MANAGER_ID`, `DEPARTMENT_ID`) VALUES
    -> ('100', 'Steven', 'King', 'SKING', '515.123.4567', '1987-06-17', 'AD_PRES', '24000.00', '0.00', '0', '90'),
    -> ('101', 'Neena', 'Kochhar', 'NKOCHHAR', '515.123.4568', '1987-06-18', 'AD_VP', '17000.00', '0.00', '100', '90'),
    -> ('102', 'Lex', 'De Haan', 'LDEHAAN', '515.123.4569', '1987-06-19', 'AD_VP', '17000.00', '0.00', '100', '90'),
    -> ('103', 'Alexander', 'Hunold', 'AHUNOLD', '590.423.4567', '1987-06-20', 'IT_PROG', '9000.00', '0.00', '102', '60'),
    -> ('104', 'Bruce', 'Ernst', 'BERNST', '590.423.4568', '1987-06-21', 'IT_PROG', '6000.00', '0.00', '103', '60'),
    -> ('105', 'David', 'Austin', 'DAUSTIN', '590.423.4569', '1987-06-22', 'IT_PROG', '4800.00', '0.00', '103', '60'),
    -> ('106', 'Valli', 'Pataballa', 'VPATABAL', '590.423.4560', '1987-06-23', 'IT_PROG', '4800.00', '0.00', '103', '60'),
    -> ('107', 'Diana', 'Lorentz', 'DLORENTZ', '590.423.5567', '1987-06-24', 'IT_PROG', '4200.00', '0.00', '103', '60'),
    -> ('108', 'Nancy', 'Greenberg', 'NGREENBE', '515.124.4569', '1987-06-25', 'FI_MGR', '12000.00', '0.00', '101', '100'),
    -> ('109', 'Daniel', 'Faviet', 'DFAVIET', '515.124.4169', '1987-06-26', 'FI_ACCOUNT', '9000.00', '0.00', '108', '100'),
    -> ('110', 'John', 'Chen', 'JCHEN', '515.124.4269', '1987-06-27', 'FI_ACCOUNT', '8200.00', '0.00', '108', '100'),
    -> ('111', 'Ismael', 'Sciarra', 'ISCIARRA', '515.124.4369', '1987-06-28', 'FI_ACCOUNT', '7700.00', '0.00', '108', '100'),
    -> ('112', 'Jose Manuel', 'Urman', 'JMURMAN', '515.124.4469', '1987-06-29', 'FI_ACCOUNT', '7800.00', '0.00', '108', '100'),
    -> ('113', 'Luis', 'Popp', 'LPOPP', '515.124.4567', '1987-06-30', 'FI_ACCOUNT', '6900.00', '0.00', '108', '100'),
    -> ('114', 'Den', 'Raphaely', 'DRAPHEAL', '515.127.4561', '1987-07-01', 'PU_MAN', '11000.00', '0.00', '100', '30'),
    -> ('115', 'Alexander', 'Khoo', 'AKHOO', '515.127.4562', '1987-07-02', 'PU_CLERK', '3100.00', '0.00', '114', '30'),
    -> ('116', 'Shelli', 'Baida', 'SBAIDA', '515.127.4563', '1987-07-03', 'PU_CLERK', '2900.00', '0.00', '114', '30'),
    -> ('117', 'Sigal', 'Tobias', 'STOBIAS', '515.127.4564', '1987-07-04', 'PU_CLERK', '2800.00', '0.00', '114', '30'),
    -> ('118', 'Guy', 'Himuro', 'GHIMURO', '515.127.4565', '1987-07-05', 'PU_CLERK', '2600.00', '0.00', '114', '30'),
    -> ('119', 'Karen', 'Colmenares', 'KCOLMENA', '515.127.4566', '1987-07-06', 'PU_CLERK', '2500.00', '0.00', '114', '30'),
    -> ('120', 'Matthew', 'Weiss', 'MWEISS', '650.123.1234', '1987-07-07', 'ST_MAN', '8000.00', '0.00', '100', '50'),
    -> ('121', 'Adam', 'Fripp', 'AFRIPP', '650.123.2234', '1987-07-08', 'ST_MAN', '8200.00', '0.00', '100', '50'),
    -> ('122', 'Payam', 'Kaufling', 'PKAUFLIN', '650.123.3234', '1987-07-09', 'ST_MAN', '7900.00', '0.00', '100', '50'),
    -> ('123', 'Shanta', 'Vollman', 'SVOLLMAN', '650.123.4234', '1987-07-10', 'ST_MAN', '6500.00', '0.00', '100', '50'),
    -> ('124', 'Kevin', 'Mourgos', 'KMOURGOS', '650.123.5234', '1987-07-11', 'ST_MAN', '5800.00', '0.00', '100', '50'),
    -> ('125', 'Julia', 'Nayer', 'JNAYER', '650.124.1214', '1987-07-12', 'ST_CLERK', '3200.00', '0.00', '120', '50'),
    -> ('126', 'Irene', 'Mikkilineni', 'IMIKKILI', '650.124.1224', '1987-07-13', 'ST_CLERK', '2700.00', '0.00', '120', '50'),
    -> ('127', 'James', 'Landry', 'JLANDRY', '650.124.1334', '1987-07-14', 'ST_CLERK', '2400.00', '0.00', '120', '50'),
    -> ('128', 'Steven', 'Markle', 'SMARKLE', '650.124.1434', '1987-07-15', 'ST_CLERK', '2200.00', '0.00', '120', '50'),
    -> ('129', 'Laura', 'Bissot', 'LBISSOT', '650.124.5234', '1987-07-16', 'ST_CLERK', '3300.00', '0.00', '121', '50'),
    -> ('130', 'Mozhe', 'Atkinson', 'MATKINSO', '650.124.6234', '1987-07-17', 'ST_CLERK', '2800.00', '0.00', '121', '50'),
    -> ('131', 'James', 'Marlow', 'JAMRLOW', '650.124.7234', '1987-07-18', 'ST_CLERK', '2500.00', '0.00', '121', '50'),
    -> ('132', 'TJ', 'Olson', 'TJOLSON', '650.124.8234', '1987-07-19', 'ST_CLERK', '2100.00', '0.00', '121', '50'),
    -> ('133', 'Jason', 'Mallin', 'JMALLIN', '650.127.1934', '1987-07-20', 'ST_CLERK', '3300.00', '0.00', '122', '50'),
    -> ('134', 'Michael', 'Rogers', 'MROGERS', '650.127.1834', '1987-07-21', 'ST_CLERK', '2900.00', '0.00', '122', '50'),
    -> ('135', 'Ki', 'Gee', 'KGEE', '650.127.1734', '1987-07-22', 'ST_CLERK', '2400.00', '0.00', '122', '50'),
    -> ('136', 'Hazel', 'Philtanker', 'HPHILTAN', '650.127.1634', '1987-07-23', 'ST_CLERK', '2200.00', '0.00', '122', '50'),
    -> ('137', 'Renske', 'Ladwig', 'RLADWIG', '650.121.1234', '1987-07-24', 'ST_CLERK', '3600.00', '0.00', '123', '50'),
    -> ('138', 'Stephen', 'Stiles', 'SSTILES', '650.121.2034', '1987-07-25', 'ST_CLERK', '3200.00', '0.00', '123', '50'),
    -> ('139', 'John', 'Seo', 'JSEO', '650.121.2019', '1987-07-26', 'ST_CLERK', '2700.00', '0.00', '123', '50'),
    -> ('140', 'Joshua', 'Patel', 'JPATEL', '650.121.1834', '1987-07-27', 'ST_CLERK', '2500.00', '0.00', '123', '50'),
    -> ('141', 'Trenna', 'Rajs', 'TRAJS', '650.121.8009', '1987-07-28', 'ST_CLERK', '3500.00', '0.00', '124', '50'),
    -> ('142', 'Curtis', 'Davies', 'CDAVIES', '650.121.2994', '1987-07-29', 'ST_CLERK', '3100.00', '0.00', '124', '50'),
    -> ('143', 'Randall', 'Matos', 'RMATOS', '650.121.2874', '1987-07-30', 'ST_CLERK', '2600.00', '0.00', '124', '50'),
    -> ('144', 'Peter', 'Vargas', 'PVARGAS', '650.121.2004', '1987-07-31', 'ST_CLERK', '2500.00', '0.00', '124', '50'),
    -> ('145', 'John', 'Russell', 'JRUSSEL', '011.44.1344.429268', '1987-08-01', 'SA_MAN', '14000.00', '0.40', '100', '80'),
    -> ('146', 'Karen', 'Partners', 'KPARTNER', '011.44.1344.467268', '1987-08-02', 'SA_MAN', '13500.00', '0.30', '100', '80'),
    -> ('147', 'Alberto', 'Errazuriz', 'AERRAZUR', '011.44.1344.429278', '1987-08-03', 'SA_MAN', '12000.00', '0.30', '100', '80'),
    -> ('148', 'Gerald', 'Cambrault', 'GCAMBRAU', '011.44.1344.619268', '1987-08-04', 'SA_MAN', '11000.00', '0.30', '100', '80'),
    -> ('149', 'Eleni', 'Zlotkey', 'EZLOTKEY', '011.44.1344.429018', '1987-08-05', 'SA_MAN', '10500.00', '0.20', '100', '80'),
    -> ('150', 'Peter', 'Tucker', 'PTUCKER', '011.44.1344.129268', '1987-08-06', 'SA_REP', '10000.00', '0.30', '145', '80'),
    -> ('151', 'David', 'Bernstein', 'DBERNSTE', '011.44.1344.345268', '1987-08-07', 'SA_REP', '9500.00', '0.25', '145', '80'),
    -> ('152', 'Peter', 'Hall', 'PHALL', '011.44.1344.478968', '1987-08-08', 'SA_REP', '9000.00', '0.25', '145', '80'),
    -> ('153', 'Christopher', 'Olsen', 'COLSEN', '011.44.1344.498718', '1987-08-09', 'SA_REP', '8000.00', '0.20', '145', '80'),
    -> ('154', 'Nanette', 'Cambrault', 'NCAMBRAU', '011.44.1344.987668', '1987-08-10', 'SA_REP', '7500.00', '0.20', '145', '80'),
    -> ('155', 'Oliver', 'Tuvault', 'OTUVAULT', '011.44.1344.486508', '1987-08-11', 'SA_REP', '7000.00', '0.15', '145', '80'),
    -> ('156', 'Janette', 'King', 'JKING', '011.44.1345.429268', '1987-08-12', 'SA_REP', '10000.00', '0.35', '146', '80'),
    -> ('157', 'Patrick', 'Sully', 'PSULLY', '011.44.1345.929268', '1987-08-13', 'SA_REP', '9500.00', '0.35', '146', '80'),
    -> ('158', 'Allan', 'McEwen', 'AMCEWEN', '011.44.1345.829268', '1987-08-14', 'SA_REP', '9000.00', '0.35', '146', '80'),
    -> ('159', 'Lindsey', 'Smith', 'LSMITH', '011.44.1345.729268', '1987-08-15', 'SA_REP', '8000.00', '0.30', '146', '80'),
    -> ('160', 'Louise', 'Doran', 'LDORAN', '011.44.1345.629268', '1987-08-16', 'SA_REP', '7500.00', '0.30', '146', '80'),
    -> ('161', 'Sarath', 'Sewall', 'SSEWALL', '011.44.1345.529268', '1987-08-17', 'SA_REP', '7000.00', '0.25', '146', '80'),
    -> ('162', 'Clara', 'Vishney', 'CVISHNEY', '011.44.1346.129268', '1987-08-18', 'SA_REP', '10500.00', '0.25', '147', '80'),
    -> ('163', 'Danielle', 'Greene', 'DGREENE', '011.44.1346.229268', '1987-08-19', 'SA_REP', '9500.00', '0.15', '147', '80'),
    -> ('164', 'Mattea', 'Marvins', 'MMARVINS', '011.44.1346.329268', '1987-08-20', 'SA_REP', '7200.00', '0.10', '147', '80'),
    -> ('165', 'David', 'Lee', 'DLEE', '011.44.1346.529268', '1987-08-21', 'SA_REP', '6800.00', '0.10', '147', '80'),
    -> ('166', 'Sundar', 'Ande', 'SANDE', '011.44.1346.629268', '1987-08-22', 'SA_REP', '6400.00', '0.10', '147', '80'),
    -> ('167', 'Amit', 'Banda', 'ABANDA', '011.44.1346.729268', '1987-08-23', 'SA_REP', '6200.00', '0.10', '147', '80'),
    -> ('168', 'Lisa', 'Ozer', 'LOZER', '011.44.1343.929268', '1987-08-24', 'SA_REP', '11500.00', '0.25', '148', '80'),
    -> ('169', 'Harrison', 'Bloom', 'HBLOOM', '011.44.1343.829268', '1987-08-25', 'SA_REP', '10000.00', '0.20', '148', '80'),
    -> ('170', 'Tayler', 'Fox', 'TFOX', '011.44.1343.729268', '1987-08-26', 'SA_REP', '9600.00', '0.20', '148', '80'),
    -> ('171', 'William', 'Smith', 'WSMITH', '011.44.1343.629268', '1987-08-27', 'SA_REP', '7400.00', '0.15', '148', '80'),
    -> ('172', 'Elizabeth', 'Bates', 'EBATES', '011.44.1343.529268', '1987-08-28', 'SA_REP', '7300.00', '0.15', '148', '80'),
    -> ('173', 'Sundita', 'Kumar', 'SKUMAR', '011.44.1343.329268', '1987-08-29', 'SA_REP', '6100.00', '0.10', '148', '80'),
    -> ('174', 'Ellen', 'Abel', 'EABEL', '011.44.1644.429267', '1987-08-30', 'SA_REP', '11000.00', '0.30', '149', '80'),
    -> ('175', 'Alyssa', 'Hutton', 'AHUTTON', '011.44.1644.429266', '1987-08-31', 'SA_REP', '8800.00', '0.25', '149', '80'),
    -> ('176', 'Jonathon', 'Taylor', 'JTAYLOR', '011.44.1644.429265', '1987-09-01', 'SA_REP', '8600.00', '0.20', '149', '80'),
    -> ('177', 'Jack', 'Livingston', 'JLIVINGS', '011.44.1644.429264', '1987-09-02', 'SA_REP', '8400.00', '0.20', '149', '80'),
    -> ('178', 'Kimberely', 'Grant', 'KGRANT', '011.44.1644.429263', '1987-09-03', 'SA_REP', '7000.00', '0.15', '149', '0'),
    -> ('179', 'Charles', 'Johnson', 'CJOHNSON', '011.44.1644.429262', '1987-09-04', 'SA_REP', '6200.00', '0.10', '149', '80'),
    -> ('180', 'Winston', 'Taylor', 'WTAYLOR', '650.507.9876', '1987-09-05', 'SH_CLERK', '3200.00', '0.00', '120', '50'),
    -> ('181', 'Jean', 'Fleaur', 'JFLEAUR', '650.507.9877', '1987-09-06', 'SH_CLERK', '3100.00', '0.00', '120', '50'),
    -> ('182', 'Martha', 'Sullivan', 'MSULLIVA', '650.507.9878', '1987-09-07', 'SH_CLERK', '2500.00', '0.00', '120', '50'),
    -> ('183', 'Girard', 'Geoni', 'GGEONI', '650.507.9879', '1987-09-08', 'SH_CLERK', '2800.00', '0.00', '120', '50'),
    -> ('184', 'Nandita', 'Sarchand', 'NSARCHAN', '650.509.1876', '1987-09-09', 'SH_CLERK', '4200.00', '0.00', '121', '50'),
    -> ('185', 'Alexis', 'Bull', 'ABULL', '650.509.2876', '1987-09-10', 'SH_CLERK', '4100.00', '0.00', '121', '50'),
    -> ('186', 'Julia', 'Dellinger', 'JDELLING', '650.509.3876', '1987-09-11', 'SH_CLERK', '3400.00', '0.00', '121', '50'),
    -> ('187', 'Anthony', 'Cabrio', 'ACABRIO', '650.509.4876', '1987-09-12', 'SH_CLERK', '3000.00', '0.00', '121', '50'),
    -> ('188', 'Kelly', 'Chung', 'KCHUNG', '650.505.1876', '1987-09-13', 'SH_CLERK', '3800.00', '0.00', '122', '50'),
    -> ('189', 'Jennifer', 'Dilly', 'JDILLY', '650.505.2876', '1987-09-14', 'SH_CLERK', '3600.00', '0.00', '122', '50'),
    -> ('190', 'Timothy', 'Gates', 'TGATES', '650.505.3876', '1987-09-15', 'SH_CLERK', '2900.00', '0.00', '122', '50'),
    -> ('191', 'Randall', 'Perkins', 'RPERKINS', '650.505.4876', '1987-09-16', 'SH_CLERK', '2500.00', '0.00', '122', '50'),
    -> ('192', 'Sarah', 'Bell', 'SBELL', '650.501.1876', '1987-09-17', 'SH_CLERK', '4000.00', '0.00', '123', '50'),
    -> ('193', 'Britney', 'Everett', 'BEVERETT', '650.501.2876', '1987-09-18', 'SH_CLERK', '3900.00', '0.00', '123', '50'),
    -> ('194', 'Samuel', 'McCain', 'SMCCAIN', '650.501.3876', '1987-09-19', 'SH_CLERK', '3200.00', '0.00', '123', '50'),
    -> ('195', 'Vance', 'Jones', 'VJONES', '650.501.4876', '1987-09-20', 'SH_CLERK', '2800.00', '0.00', '123', '50'),
    -> ('196', 'Alana', 'Walsh', 'AWALSH', '650.507.9811', '1987-09-21', 'SH_CLERK', '3100.00', '0.00', '124', '50'),
    -> ('197', 'Kevin', 'Feeney', 'KFEENEY', '650.507.9822', '1987-09-22', 'SH_CLERK', '3000.00', '0.00', '124', '50'),
    -> ('198', 'Donald', 'OConnell', 'DOCONNEL', '650.507.9833', '1987-09-23', 'SH_CLERK', '2600.00', '0.00', '124', '50'),
    -> ('199', 'Douglas', 'Grant', 'DGRANT', '650.507.9844', '1987-09-24', 'SH_CLERK', '2600.00', '0.00', '124', '50'),
    -> ('200', 'Jennifer', 'Whalen', 'JWHALEN', '515.123.4444', '1987-09-25', 'AD_ASST', '4400.00', '0.00', '101', '10'),
    -> ('201', 'Michael', 'Hartstein', 'MHARTSTE', '515.123.5555', '1987-09-26', 'MK_MAN', '13000.00', '0.00', '100', '20'),
    -> ('202', 'Pat', 'Fay', 'PFAY', '603.123.6666', '1987-09-27', 'MK_REP', '6000.00', '0.00', '201', '20'),
    -> ('203', 'Susan', 'Mavris', 'SMAVRIS', '515.123.7777', '1987-09-28', 'HR_REP', '6500.00', '0.00', '101', '40'),
    -> ('204', 'Hermann', 'Baer', 'HBAER', '515.123.8888', '1987-09-29', 'PR_REP', '10000.00', '0.00', '101', '70'),
    -> ('205', 'Shelley', 'Higgins', 'SHIGGINS', '515.123.8080', '1987-09-30', 'AC_MGR', '12000.00', '0.00', '101', '110'),
    -> ('206', 'William', 'Gietz', 'WGIETZ', '515.123.8181', '1987-10-01', 'AC_ACCOUNT', '8300.00', '0.00', '205', '110');
ERROR 1064 (42000): You have an error in your SQL syntax; check the manual that corresponds to your MariaDB server version for the right syntax to use near 'INTO `employees` (`EMPLOYEE_ID`, `FIRST_NAME`, `LAST_NAME`, `EMAIL`, `PHONE_NUMB' at line 1
MariaDB [csd2204w18]> 
MariaDB [csd2204w18]> select * from employees;
+-------------+-------------+-------------+----------+--------------------+------------+------------+----------+----------------+------------+---------------+
| EMPLOYEE_ID | FIRST_NAME  | LAST_NAME   | EMAIL    | PHONE_NUMBER       | HIRE_DATE  | JOB_ID     | SALARY   | COMMISSION_PCT | MANAGER_ID | DEPARTMENT_ID |
+-------------+-------------+-------------+----------+--------------------+------------+------------+----------+----------------+------------+---------------+
|         100 | Steven      | King        | SKING    | 515.123.4567       | 1987-06-17 | AD_PRES    | 24000.00 |           0.00 |          0 |            90 |
|         101 | Neena       | Kochhar     | NKOCHHAR | 515.123.4568       | 1987-06-18 | AD_VP      | 17000.00 |           0.00 |        100 |            90 |
|         102 | Lex         | De Haan     | LDEHAAN  | 515.123.4569       | 1987-06-19 | AD_VP      | 17000.00 |           0.00 |        100 |            90 |
|         103 | Alexander   | Hunold      | AHUNOLD  | 590.423.4567       | 1987-06-20 | IT_PROG    |  9000.00 |           0.00 |        102 |            60 |
|         104 | Bruce       | Ernst       | BERNST   | 590.423.4568       | 1987-06-21 | IT_PROG    |  6000.00 |           0.00 |        103 |            60 |
|         105 | David       | Austin      | DAUSTIN  | 590.423.4569       | 1987-06-22 | IT_PROG    |  4800.00 |           0.00 |        103 |            60 |
|         106 | Valli       | Pataballa   | VPATABAL | 590.423.4560       | 1987-06-23 | IT_PROG    |  4800.00 |           0.00 |        103 |            60 |
|         107 | Diana       | Lorentz     | DLORENTZ | 590.423.5567       | 1987-06-24 | IT_PROG    |  4200.00 |           0.00 |        103 |            60 |
|         108 | Nancy       | Greenberg   | NGREENBE | 515.124.4569       | 1987-06-25 | FI_MGR     | 12000.00 |           0.00 |        101 |           100 |
|         109 | Daniel      | Faviet      | DFAVIET  | 515.124.4169       | 1987-06-26 | FI_ACCOUNT |  9000.00 |           0.00 |        108 |           100 |
|         110 | John        | Chen        | JCHEN    | 515.124.4269       | 1987-06-27 | FI_ACCOUNT |  8200.00 |           0.00 |        108 |           100 |
|         111 | Ismael      | Sciarra     | ISCIARRA | 515.124.4369       | 1987-06-28 | FI_ACCOUNT |  7700.00 |           0.00 |        108 |           100 |
|         112 | Jose Manuel | Urman       | JMURMAN  | 515.124.4469       | 1987-06-29 | FI_ACCOUNT |  7800.00 |           0.00 |        108 |           100 |
|         113 | Luis        | Popp        | LPOPP    | 515.124.4567       | 1987-06-30 | FI_ACCOUNT |  6900.00 |           0.00 |        108 |           100 |
|         114 | Den         | Raphaely    | DRAPHEAL | 515.127.4561       | 1987-07-01 | PU_MAN     | 11000.00 |           0.00 |        100 |            30 |
|         115 | Alexander   | Khoo        | AKHOO    | 515.127.4562       | 1987-07-02 | PU_CLERK   |  3100.00 |           0.00 |        114 |            30 |
|         116 | Shelli      | Baida       | SBAIDA   | 515.127.4563       | 1987-07-03 | PU_CLERK   |  2900.00 |           0.00 |        114 |            30 |
|         117 | Sigal       | Tobias      | STOBIAS  | 515.127.4564       | 1987-07-04 | PU_CLERK   |  2800.00 |           0.00 |        114 |            30 |
|         118 | Guy         | Himuro      | GHIMURO  | 515.127.4565       | 1987-07-05 | PU_CLERK   |  2600.00 |           0.00 |        114 |            30 |
|         119 | Karen       | Colmenares  | KCOLMENA | 515.127.4566       | 1987-07-06 | PU_CLERK   |  2500.00 |           0.00 |        114 |            30 |
|         120 | Matthew     | Weiss       | MWEISS   | 650.123.1234       | 1987-07-07 | ST_MAN     |  8000.00 |           0.00 |        100 |            50 |
|         121 | Adam        | Fripp       | AFRIPP   | 650.123.2234       | 1987-07-08 | ST_MAN     |  8200.00 |           0.00 |        100 |            50 |
|         122 | Payam       | Kaufling    | PKAUFLIN | 650.123.3234       | 1987-07-09 | ST_MAN     |  7900.00 |           0.00 |        100 |            50 |
|         123 | Shanta      | Vollman     | SVOLLMAN | 650.123.4234       | 1987-07-10 | ST_MAN     |  6500.00 |           0.00 |        100 |            50 |
|         124 | Kevin       | Mourgos     | KMOURGOS | 650.123.5234       | 1987-07-11 | ST_MAN     |  5800.00 |           0.00 |        100 |            50 |
|         125 | Julia       | Nayer       | JNAYER   | 650.124.1214       | 1987-07-12 | ST_CLERK   |  3200.00 |           0.00 |        120 |            50 |
|         126 | Irene       | Mikkilineni | IMIKKILI | 650.124.1224       | 1987-07-13 | ST_CLERK   |  2700.00 |           0.00 |        120 |            50 |
|         127 | James       | Landry      | JLANDRY  | 650.124.1334       | 1987-07-14 | ST_CLERK   |  2400.00 |           0.00 |        120 |            50 |
|         128 | Steven      | Markle      | SMARKLE  | 650.124.1434       | 1987-07-15 | ST_CLERK   |  2200.00 |           0.00 |        120 |            50 |
|         129 | Laura       | Bissot      | LBISSOT  | 650.124.5234       | 1987-07-16 | ST_CLERK   |  3300.00 |           0.00 |        121 |            50 |
|         130 | Mozhe       | Atkinson    | MATKINSO | 650.124.6234       | 1987-07-17 | ST_CLERK   |  2800.00 |           0.00 |        121 |            50 |
|         131 | James       | Marlow      | JAMRLOW  | 650.124.7234       | 1987-07-18 | ST_CLERK   |  2500.00 |           0.00 |        121 |            50 |
|         132 | TJ          | Olson       | TJOLSON  | 650.124.8234       | 1987-07-19 | ST_CLERK   |  2100.00 |           0.00 |        121 |            50 |
|         133 | Jason       | Mallin      | JMALLIN  | 650.127.1934       | 1987-07-20 | ST_CLERK   |  3300.00 |           0.00 |        122 |            50 |
|         134 | Michael     | Rogers      | MROGERS  | 650.127.1834       | 1987-07-21 | ST_CLERK   |  2900.00 |           0.00 |        122 |            50 |
|         135 | Ki          | Gee         | KGEE     | 650.127.1734       | 1987-07-22 | ST_CLERK   |  2400.00 |           0.00 |        122 |            50 |
|         136 | Hazel       | Philtanker  | HPHILTAN | 650.127.1634       | 1987-07-23 | ST_CLERK   |  2200.00 |           0.00 |        122 |            50 |
|         137 | Renske      | Ladwig      | RLADWIG  | 650.121.1234       | 1987-07-24 | ST_CLERK   |  3600.00 |           0.00 |        123 |            50 |
|         138 | Stephen     | Stiles      | SSTILES  | 650.121.2034       | 1987-07-25 | ST_CLERK   |  3200.00 |           0.00 |        123 |            50 |
|         139 | John        | Seo         | JSEO     | 650.121.2019       | 1987-07-26 | ST_CLERK   |  2700.00 |           0.00 |        123 |            50 |
|         140 | Joshua      | Patel       | JPATEL   | 650.121.1834       | 1987-07-27 | ST_CLERK   |  2500.00 |           0.00 |        123 |            50 |
|         141 | Trenna      | Rajs        | TRAJS    | 650.121.8009       | 1987-07-28 | ST_CLERK   |  3500.00 |           0.00 |        124 |            50 |
|         142 | Curtis      | Davies      | CDAVIES  | 650.121.2994       | 1987-07-29 | ST_CLERK   |  3100.00 |           0.00 |        124 |            50 |
|         143 | Randall     | Matos       | RMATOS   | 650.121.2874       | 1987-07-30 | ST_CLERK   |  2600.00 |           0.00 |        124 |            50 |
|         144 | Peter       | Vargas      | PVARGAS  | 650.121.2004       | 1987-07-31 | ST_CLERK   |  2500.00 |           0.00 |        124 |            50 |
|         145 | John        | Russell     | JRUSSEL  | 011.44.1344.429268 | 1987-08-01 | SA_MAN     | 14000.00 |           0.40 |        100 |            80 |
|         146 | Karen       | Partners    | KPARTNER | 011.44.1344.467268 | 1987-08-02 | SA_MAN     | 13500.00 |           0.30 |        100 |            80 |
|         147 | Alberto     | Errazuriz   | AERRAZUR | 011.44.1344.429278 | 1987-08-03 | SA_MAN     | 12000.00 |           0.30 |        100 |            80 |
|         148 | Gerald      | Cambrault   | GCAMBRAU | 011.44.1344.619268 | 1987-08-04 | SA_MAN     | 11000.00 |           0.30 |        100 |            80 |
|         149 | Eleni       | Zlotkey     | EZLOTKEY | 011.44.1344.429018 | 1987-08-05 | SA_MAN     | 10500.00 |           0.20 |        100 |            80 |
|         150 | Peter       | Tucker      | PTUCKER  | 011.44.1344.129268 | 1987-08-06 | SA_REP     | 10000.00 |           0.30 |        145 |            80 |
|         151 | David       | Bernstein   | DBERNSTE | 011.44.1344.345268 | 1987-08-07 | SA_REP     |  9500.00 |           0.25 |        145 |            80 |
|         152 | Peter       | Hall        | PHALL    | 011.44.1344.478968 | 1987-08-08 | SA_REP     |  9000.00 |           0.25 |        145 |            80 |
|         153 | Christopher | Olsen       | COLSEN   | 011.44.1344.498718 | 1987-08-09 | SA_REP     |  8000.00 |           0.20 |        145 |            80 |
|         154 | Nanette     | Cambrault   | NCAMBRAU | 011.44.1344.987668 | 1987-08-10 | SA_REP     |  7500.00 |           0.20 |        145 |            80 |
|         155 | Oliver      | Tuvault     | OTUVAULT | 011.44.1344.486508 | 1987-08-11 | SA_REP     |  7000.00 |           0.15 |        145 |            80 |
|         156 | Janette     | King        | JKING    | 011.44.1345.429268 | 1987-08-12 | SA_REP     | 10000.00 |           0.35 |        146 |            80 |
|         157 | Patrick     | Sully       | PSULLY   | 011.44.1345.929268 | 1987-08-13 | SA_REP     |  9500.00 |           0.35 |        146 |            80 |
|         158 | Allan       | McEwen      | AMCEWEN  | 011.44.1345.829268 | 1987-08-14 | SA_REP     |  9000.00 |           0.35 |        146 |            80 |
|         159 | Lindsey     | Smith       | LSMITH   | 011.44.1345.729268 | 1987-08-15 | SA_REP     |  8000.00 |           0.30 |        146 |            80 |
|         160 | Louise      | Doran       | LDORAN   | 011.44.1345.629268 | 1987-08-16 | SA_REP     |  7500.00 |           0.30 |        146 |            80 |
|         161 | Sarath      | Sewall      | SSEWALL  | 011.44.1345.529268 | 1987-08-17 | SA_REP     |  7000.00 |           0.25 |        146 |            80 |
|         162 | Clara       | Vishney     | CVISHNEY | 011.44.1346.129268 | 1987-08-18 | SA_REP     | 10500.00 |           0.25 |        147 |            80 |
|         163 | Danielle    | Greene      | DGREENE  | 011.44.1346.229268 | 1987-08-19 | SA_REP     |  9500.00 |           0.15 |        147 |            80 |
|         164 | Mattea      | Marvins     | MMARVINS | 011.44.1346.329268 | 1987-08-20 | SA_REP     |  7200.00 |           0.10 |        147 |            80 |
|         165 | David       | Lee         | DLEE     | 011.44.1346.529268 | 1987-08-21 | SA_REP     |  6800.00 |           0.10 |        147 |            80 |
|         166 | Sundar      | Ande        | SANDE    | 011.44.1346.629268 | 1987-08-22 | SA_REP     |  6400.00 |           0.10 |        147 |            80 |
|         167 | Amit        | Banda       | ABANDA   | 011.44.1346.729268 | 1987-08-23 | SA_REP     |  6200.00 |           0.10 |        147 |            80 |
|         168 | Lisa        | Ozer        | LOZER    | 011.44.1343.929268 | 1987-08-24 | SA_REP     | 11500.00 |           0.25 |        148 |            80 |
|         169 | Harrison    | Bloom       | HBLOOM   | 011.44.1343.829268 | 1987-08-25 | SA_REP     | 10000.00 |           0.20 |        148 |            80 |
|         170 | Tayler      | Fox         | TFOX     | 011.44.1343.729268 | 1987-08-26 | SA_REP     |  9600.00 |           0.20 |        148 |            80 |
|         171 | William     | Smith       | WSMITH   | 011.44.1343.629268 | 1987-08-27 | SA_REP     |  7400.00 |           0.15 |        148 |            80 |
|         172 | Elizabeth   | Bates       | EBATES   | 011.44.1343.529268 | 1987-08-28 | SA_REP     |  7300.00 |           0.15 |        148 |            80 |
|         173 | Sundita     | Kumar       | SKUMAR   | 011.44.1343.329268 | 1987-08-29 | SA_REP     |  6100.00 |           0.10 |        148 |            80 |
|         174 | Ellen       | Abel        | EABEL    | 011.44.1644.429267 | 1987-08-30 | SA_REP     | 11000.00 |           0.30 |        149 |            80 |
|         175 | Alyssa      | Hutton      | AHUTTON  | 011.44.1644.429266 | 1987-08-31 | SA_REP     |  8800.00 |           0.25 |        149 |            80 |
|         176 | Jonathon    | Taylor      | JTAYLOR  | 011.44.1644.429265 | 1987-09-01 | SA_REP     |  8600.00 |           0.20 |        149 |            80 |
|         177 | Jack        | Livingston  | JLIVINGS | 011.44.1644.429264 | 1987-09-02 | SA_REP     |  8400.00 |           0.20 |        149 |            80 |
|         178 | Kimberely   | Grant       | KGRANT   | 011.44.1644.429263 | 1987-09-03 | SA_REP     |  7000.00 |           0.15 |        149 |             0 |
|         179 | Charles     | Johnson     | CJOHNSON | 011.44.1644.429262 | 1987-09-04 | SA_REP     |  6200.00 |           0.10 |        149 |            80 |
|         180 | Winston     | Taylor      | WTAYLOR  | 650.507.9876       | 1987-09-05 | SH_CLERK   |  3200.00 |           0.00 |        120 |            50 |
|         181 | Jean        | Fleaur      | JFLEAUR  | 650.507.9877       | 1987-09-06 | SH_CLERK   |  3100.00 |           0.00 |        120 |            50 |
|         182 | Martha      | Sullivan    | MSULLIVA | 650.507.9878       | 1987-09-07 | SH_CLERK   |  2500.00 |           0.00 |        120 |            50 |
|         183 | Girard      | Geoni       | GGEONI   | 650.507.9879       | 1987-09-08 | SH_CLERK   |  2800.00 |           0.00 |        120 |            50 |
|         184 | Nandita     | Sarchand    | NSARCHAN | 650.509.1876       | 1987-09-09 | SH_CLERK   |  4200.00 |           0.00 |        121 |            50 |
|         185 | Alexis      | Bull        | ABULL    | 650.509.2876       | 1987-09-10 | SH_CLERK   |  4100.00 |           0.00 |        121 |            50 |
|         186 | Julia       | Dellinger   | JDELLING | 650.509.3876       | 1987-09-11 | SH_CLERK   |  3400.00 |           0.00 |        121 |            50 |
|         187 | Anthony     | Cabrio      | ACABRIO  | 650.509.4876       | 1987-09-12 | SH_CLERK   |  3000.00 |           0.00 |        121 |            50 |
|         188 | Kelly       | Chung       | KCHUNG   | 650.505.1876       | 1987-09-13 | SH_CLERK   |  3800.00 |           0.00 |        122 |            50 |
|         189 | Jennifer    | Dilly       | JDILLY   | 650.505.2876       | 1987-09-14 | SH_CLERK   |  3600.00 |           0.00 |        122 |            50 |
|         190 | Timothy     | Gates       | TGATES   | 650.505.3876       | 1987-09-15 | SH_CLERK   |  2900.00 |           0.00 |        122 |            50 |
|         191 | Randall     | Perkins     | RPERKINS | 650.505.4876       | 1987-09-16 | SH_CLERK   |  2500.00 |           0.00 |        122 |            50 |
|         192 | Sarah       | Bell        | SBELL    | 650.501.1876       | 1987-09-17 | SH_CLERK   |  4000.00 |           0.00 |        123 |            50 |
|         193 | Britney     | Everett     | BEVERETT | 650.501.2876       | 1987-09-18 | SH_CLERK   |  3900.00 |           0.00 |        123 |            50 |
|         194 | Samuel      | McCain      | SMCCAIN  | 650.501.3876       | 1987-09-19 | SH_CLERK   |  3200.00 |           0.00 |        123 |            50 |
|         195 | Vance       | Jones       | VJONES   | 650.501.4876       | 1987-09-20 | SH_CLERK   |  2800.00 |           0.00 |        123 |            50 |
|         196 | Alana       | Walsh       | AWALSH   | 650.507.9811       | 1987-09-21 | SH_CLERK   |  3100.00 |           0.00 |        124 |            50 |
|         197 | Kevin       | Feeney      | KFEENEY  | 650.507.9822       | 1987-09-22 | SH_CLERK   |  3000.00 |           0.00 |        124 |            50 |
|         198 | Donald      | OConnell    | DOCONNEL | 650.507.9833       | 1987-09-23 | SH_CLERK   |  2600.00 |           0.00 |        124 |            50 |
|         199 | Douglas     | Grant       | DGRANT   | 650.507.9844       | 1987-09-24 | SH_CLERK   |  2600.00 |           0.00 |        124 |            50 |
|         200 | Jennifer    | Whalen      | JWHALEN  | 515.123.4444       | 1987-09-25 | AD_ASST    |  4400.00 |           0.00 |        101 |            10 |
|         201 | Michael     | Hartstein   | MHARTSTE | 515.123.5555       | 1987-09-26 | MK_MAN     | 13000.00 |           0.00 |        100 |            20 |
|         202 | Pat         | Fay         | PFAY     | 603.123.6666       | 1987-09-27 | MK_REP     |  6000.00 |           0.00 |        201 |            20 |
|         203 | Susan       | Mavris      | SMAVRIS  | 515.123.7777       | 1987-09-28 | HR_REP     |  6500.00 |           0.00 |        101 |            40 |
|         204 | Hermann     | Baer        | HBAER    | 515.123.8888       | 1987-09-29 | PR_REP     | 10000.00 |           0.00 |        101 |            70 |
|         205 | Shelley     | Higgins     | SHIGGINS | 515.123.8080       | 1987-09-30 | AC_MGR     | 12000.00 |           0.00 |        101 |           110 |
|         206 | William     | Gietz       | WGIETZ   | 515.123.8181       | 1987-10-01 | AC_ACCOUNT |  8300.00 |           0.00 |        205 |           110 |
+-------------+-------------+-------------+----------+--------------------+------------+------------+----------+----------------+------------+---------------+
107 rows in set (0.02 sec)

MariaDB [csd2204w18]> select employee_id, first_name, last_name, salary from employees as a where salary > (select avg(salary) from employees where department_id = a.department_id);
+-------------+------------+-----------+----------+
| employee_id | first_name | last_name | salary   |
+-------------+------------+-----------+----------+
|         100 | Steven     | King      | 24000.00 |
|         103 | Alexander  | Hunold    |  9000.00 |
|         104 | Bruce      | Ernst     |  6000.00 |
|         108 | Nancy      | Greenberg | 12000.00 |
|         109 | Daniel     | Faviet    |  9000.00 |
|         114 | Den        | Raphaely  | 11000.00 |
|         120 | Matthew    | Weiss     |  8000.00 |
|         121 | Adam       | Fripp     |  8200.00 |
|         122 | Payam      | Kaufling  |  7900.00 |
|         123 | Shanta     | Vollman   |  6500.00 |
|         124 | Kevin      | Mourgos   |  5800.00 |
|         137 | Renske     | Ladwig    |  3600.00 |
|         141 | Trenna     | Rajs      |  3500.00 |
|         145 | John       | Russell   | 14000.00 |
|         146 | Karen      | Partners  | 13500.00 |
|         147 | Alberto    | Errazuriz | 12000.00 |
|         148 | Gerald     | Cambrault | 11000.00 |
|         149 | Eleni      | Zlotkey   | 10500.00 |
|         150 | Peter      | Tucker    | 10000.00 |
|         151 | David      | Bernstein |  9500.00 |
|         152 | Peter      | Hall      |  9000.00 |
|         156 | Janette    | King      | 10000.00 |
|         157 | Patrick    | Sully     |  9500.00 |
|         158 | Allan      | McEwen    |  9000.00 |
|         162 | Clara      | Vishney   | 10500.00 |
|         163 | Danielle   | Greene    |  9500.00 |
|         168 | Lisa       | Ozer      | 11500.00 |
|         169 | Harrison   | Bloom     | 10000.00 |
|         170 | Tayler     | Fox       |  9600.00 |
|         174 | Ellen      | Abel      | 11000.00 |
|         184 | Nandita    | Sarchand  |  4200.00 |
|         185 | Alexis     | Bull      |  4100.00 |
|         188 | Kelly      | Chung     |  3800.00 |
|         189 | Jennifer   | Dilly     |  3600.00 |
|         192 | Sarah      | Bell      |  4000.00 |
|         193 | Britney    | Everett   |  3900.00 |
|         201 | Michael    | Hartstein | 13000.00 |
|         205 | Shelley    | Higgins   | 12000.00 |
+-------------+------------+-----------+----------+
38 rows in set (0.00 sec)

MariaDB [csd2204w18]> select employee_id, first_name, last_name, salary from employees as a where salary < (select min(salary) from employees where department_id = a.department_id);
Empty set (0.00 sec)

MariaDB [csd2204w18]> select employee_id, first_name, last_name, salary from employees as a where salary < (select min(salary) from employees where department_id <> a.department_id);
+-------------+------------+------------+---------+
| employee_id | first_name | last_name  | salary  |
+-------------+------------+------------+---------+
|         127 | James      | Landry     | 2400.00 |
|         128 | Steven     | Markle     | 2200.00 |
|         132 | TJ         | Olson      | 2100.00 |
|         135 | Ki         | Gee        | 2400.00 |
|         136 | Hazel      | Philtanker | 2200.00 |
+-------------+------------+------------+---------+
5 rows in set (0.00 sec)

MariaDB [csd2204w18]> show tables;
+----------------------+
| Tables_in_csd2204w18 |
+----------------------+
| countries            |
| departments          |
| employees            |
+----------------------+
3 rows in set (0.00 sec)

MariaDB [csd2204w18]> CREATE TABLE IF NOT EXISTS `locations` (
    ->   `LOCATION_ID` decimal(4,0) NOT NULL DEFAULT '0',
    ->   `STREET_ADDRESS` varchar(40) DEFAULT NULL,
    ->   `POSTAL_CODE` varchar(12) DEFAULT NULL,
    ->   `CITY` varchar(30) NOT NULL,
    ->   `STATE_PROVINCE` varchar(25) DEFAULT NULL,
    ->   `COUNTRY_ID` varchar(2) DEFAULT NULL,
    ->   PRIMARY KEY (`LOCATION_ID`),
    ->   KEY `LOC_CITY_IX` (`CITY`),
    ->   KEY `LOC_COUNTRY_IX` (`COUNTRY_ID`),
    ->   KEY `LOC_STATE_PROVINCE_IX` (`STATE_PROVINCE`)
    -> );
Query OK, 0 rows affected (1.70 sec)

MariaDB [csd2204w18]> 
MariaDB [csd2204w18]> INSERT INTO `locations` (`LOCATION_ID`, `STREET_ADDRESS`, `POSTAL_CODE`, `CITY`, `STATE_PROVINCE`, `COUNTRY_ID`) VALUES
    -> ('1000', '1297 Via Cola di Rie', '989', 'Roma', '', 'IT'),
    -> ('1100', '93091 Calle della Testa', '10934', 'Venice', '', 'IT'),
    -> ('1200', '2017 Shinjuku-ku', '1689', 'Tokyo', 'Tokyo Prefecture', 'JP'),
    -> ('1300', '9450 Kamiya-cho', '6823', 'Hiroshima', '', 'JP'),
    -> ('1400', '2014 Jabberwocky Rd', '26192', 'Southlake', 'Texas', 'US'),
    -> ('1500', '2011 Interiors Blvd', '99236', 'South San Francisco', 'California', 'US'),
    -> ('1600', '2007 Zagora St', '50090', 'South Brunswick', 'New Jersey', 'US'),
    -> ('1700', '2004 Charade Rd', '98199', 'Seattle', 'Washington', 'US'),
    -> ('1800', '147 Spadina Ave', 'M5V 2L7', 'Toronto', 'Ontario', 'CA'),
    -> ('1900', '6092 Boxwood St', 'YSW 9T2', 'Whitehorse', 'Yukon', 'CA'),
    -> ('2000', '40-5-12 Laogianggen', '190518', 'Beijing', '', 'CN'),
    -> ('2100', '1298 Vileparle (E)', '490231', 'Bombay', 'Maharashtra', 'IN'),
    -> ('2200', '12-98 Victoria Street', '2901', 'Sydney', 'New South Wales', 'AU'),
    -> ('2300', '198 Clementi North', '540198', 'Singapore', '', 'SG'),
    -> ('2400', '8204 Arthur St', '', 'London', '', 'UK'),
    -> ('2500', '"Magdalen Centre', ' The Oxford ', 'OX9 9ZB', 'Oxford', 'Ox'),
    -> ('2600', '9702 Chester Road', '9629850293', 'Stretford', 'Manchester', 'UK'),
    -> ('2700', 'Schwanthalerstr. 7031', '80925', 'Munich', 'Bavaria', 'DE'),
    -> ('2800', 'Rua Frei Caneca 1360', '01307-002', 'Sao Paulo', 'Sao Paulo', 'BR'),
    -> ('2900', '20 Rue des Corps-Saints', '1730', 'Geneva', 'Geneve', 'CH'),
    -> ('3000', 'Murtenstrasse 921', '3095', 'Bern', 'BE', 'CH'),
    -> ('3100', 'Pieter Breughelstraat 837', '3029SK', 'Utrecht', 'Utrecht', 'NL'),
    -> ('3200', 'Mariano Escobedo 9991', '11932', 'Mexico City', '"Distrito Federal', '"');
Query OK, 23 rows affected (0.16 sec)
Records: 23  Duplicates: 0  Warnings: 0

MariaDB [csd2204w18]> show tables;
+----------------------+
| Tables_in_csd2204w18 |
+----------------------+
| countries            |
| departments          |
| employees            |
| locations            |
+----------------------+
4 rows in set (0.00 sec)

MariaDB [csd2204w18]> CREATE TABLE IF NOT EXISTS `regions` (
    ->   `REGION_ID` decimal(5,0) NOT NULL,
    ->   `REGION_NAME` varchar(25) DEFAULT NULL,
    ->   PRIMARY KEY (`REGION_ID`),
    ->   UNIQUE KEY `sss` (`REGION_NAME`)
    -> );
Query OK, 0 rows affected (0.41 sec)

MariaDB [csd2204w18]> INSERT INTO `regions` (`REGION_ID`, `REGION_NAME`) VALUES
    -> ('1', 'Europe\r'),
    -> ('2', 'Americas\r'),
    -> ('3', 'Asia\r'),
    -> ('4', 'Middle East and Africa\r');
Query OK, 4 rows affected (0.05 sec)
Records: 4  Duplicates: 0  Warnings: 0

MariaDB [csd2204w18]> select *from locations;
+-------------+---------------------------+--------------+---------------------+-------------------+------------+
| LOCATION_ID | STREET_ADDRESS            | POSTAL_CODE  | CITY                | STATE_PROVINCE    | COUNTRY_ID |
+-------------+---------------------------+--------------+---------------------+-------------------+------------+
|        1000 | 1297 Via Cola di Rie      | 989          | Roma                |                   | IT         |
|        1100 | 93091 Calle della Testa   | 10934        | Venice              |                   | IT         |
|        1200 | 2017 Shinjuku-ku          | 1689         | Tokyo               | Tokyo Prefecture  | JP         |
|        1300 | 9450 Kamiya-cho           | 6823         | Hiroshima           |                   | JP         |
|        1400 | 2014 Jabberwocky Rd       | 26192        | Southlake           | Texas             | US         |
|        1500 | 2011 Interiors Blvd       | 99236        | South San Francisco | California        | US         |
|        1600 | 2007 Zagora St            | 50090        | South Brunswick     | New Jersey        | US         |
|        1700 | 2004 Charade Rd           | 98199        | Seattle             | Washington        | US         |
|        1800 | 147 Spadina Ave           | M5V 2L7      | Toronto             | Ontario           | CA         |
|        1900 | 6092 Boxwood St           | YSW 9T2      | Whitehorse          | Yukon             | CA         |
|        2000 | 40-5-12 Laogianggen       | 190518       | Beijing             |                   | CN         |
|        2100 | 1298 Vileparle (E)        | 490231       | Bombay              | Maharashtra       | IN         |
|        2200 | 12-98 Victoria Street     | 2901         | Sydney              | New South Wales   | AU         |
|        2300 | 198 Clementi North        | 540198       | Singapore           |                   | SG         |
|        2400 | 8204 Arthur St            |              | London              |                   | UK         |
|        2500 | "Magdalen Centre          |  The Oxford  | OX9 9ZB             | Oxford            | Ox         |
|        2600 | 9702 Chester Road         | 9629850293   | Stretford           | Manchester        | UK         |
|        2700 | Schwanthalerstr. 7031     | 80925        | Munich              | Bavaria           | DE         |
|        2800 | Rua Frei Caneca 1360      | 01307-002    | Sao Paulo           | Sao Paulo         | BR         |
|        2900 | 20 Rue des Corps-Saints   | 1730         | Geneva              | Geneve            | CH         |
|        3000 | Murtenstrasse 921         | 3095         | Bern                | BE                | CH         |
|        3100 | Pieter Breughelstraat 837 | 3029SK       | Utrecht             | Utrecht           | NL         |
|        3200 | Mariano Escobedo 9991     | 11932        | Mexico City         | "Distrito Federal | "          |
+-------------+---------------------------+--------------+---------------------+-------------------+------------+
23 rows in set (0.01 sec)

MariaDB [csd2204w18]> desc departments; 
+-----------------+--------------+------+-----+---------+-------+
| Field           | Type         | Null | Key | Default | Extra |
+-----------------+--------------+------+-----+---------+-------+
| DEPARTMENT_ID   | decimal(4,0) | NO   | PRI | 0       |       |
| DEPARTMENT_NAME | varchar(30)  | NO   |     | NULL    |       |
| MANAGER_ID      | decimal(6,0) | YES  | MUL | NULL    |       |
| LOCATION_ID     | decimal(4,0) | YES  | MUL | NULL    |       |
+-----------------+--------------+------+-----+---------+-------+
4 rows in set (0.08 sec)

MariaDB [csd2204w18]> select *from locations where country
    -> _id = "ca";
ERROR 1064 (42000): You have an error in your SQL syntax; check the manual that corresponds to your MariaDB server version for the right syntax to use near '_id = "ca"' at line 2
MariaDB [csd2204w18]> select *from locations where country_id = "ca";
+-------------+-----------------+-------------+------------+----------------+------------+
| LOCATION_ID | STREET_ADDRESS  | POSTAL_CODE | CITY       | STATE_PROVINCE | COUNTRY_ID |
+-------------+-----------------+-------------+------------+----------------+------------+
|        1800 | 147 Spadina Ave | M5V 2L7     | Toronto    | Ontario        | CA         |
|        1900 | 6092 Boxwood St | YSW 9T2     | Whitehorse | Yukon          | CA         |
+-------------+-----------------+-------------+------------+----------------+------------+
2 rows in set (0.00 sec)

MariaDB [csd2204w18]> select department_id from departments where location_id in(select from location_id from locations where country_id = "ca";
ERROR 1064 (42000): You have an error in your SQL syntax; check the manual that corresponds to your MariaDB server version for the right syntax to use near 'from location_id from locations where country_id = "ca"' at line 1
MariaDB [csd2204w18]> select department_id from departments where location_id in(select from location_id from locations where country_id = "ca"));
ERROR 1064 (42000): You have an error in your SQL syntax; check the manual that corresponds to your MariaDB server version for the right syntax to use near 'from location_id from locations where country_id = "ca"))' at line 1
MariaDB [csd2204w18]> select department_id from departments where location_id in(select from location_id from locations where country_id = "ca");
ERROR 1064 (42000): You have an error in your SQL syntax; check the manual that corresponds to your MariaDB server version for the right syntax to use near 'from location_id from locations where country_id = "ca")' at line 1
MariaDB [csd2204w18]> select department_id from departments where location_id in (select from location_id from locations where country_id = "ca");
ERROR 1064 (42000): You have an error in your SQL syntax; check the manual that corresponds to your MariaDB server version for the right syntax to use near 'from location_id from locations where country_id = "ca")' at line 1
MariaDB [csd2204w18]> select department_id from departments where location_id in (select location_id from locations where country_id = "ca");
+---------------+
| department_id |
+---------------+
|            20 |
+---------------+
1 row in set (0.00 sec)

MariaDB [csd2204w18]> select employee_id, first_name, salary from employees where department_id in (select department_id from departments where location_id in (select location_id from locations where country_id = "ca"));
+-------------+------------+----------+
| employee_id | first_name | salary   |
+-------------+------------+----------+
|         201 | Michael    | 13000.00 |
|         202 | Pat        |  6000.00 |
+-------------+------------+----------+
2 rows in set (0.00 sec)

MariaDB [csd2204w18]> select employee_id, first_name, salary from employees where salary < (select min(salary) from employees where department_id in (select department_id from departments where location_id in (select location_id from locations where country_id = "ca"));
ERROR 1064 (42000): You have an error in your SQL syntax; check the manual that corresponds to your MariaDB server version for the right syntax to use near '' at line 1
MariaDB [csd2204w18]> select employee_id, first_name, salary from employees where salary < (select min(salary) from employees where department_id in (select department_id from departments where location_id in (select location_id from locations where country_id = "ca")));
+-------------+------------+---------+
| employee_id | first_name | salary  |
+-------------+------------+---------+
|         105 | David      | 4800.00 |
|         106 | Valli      | 4800.00 |
|         107 | Diana      | 4200.00 |
|         115 | Alexander  | 3100.00 |
|         116 | Shelli     | 2900.00 |
|         117 | Sigal      | 2800.00 |
|         118 | Guy        | 2600.00 |
|         119 | Karen      | 2500.00 |
|         124 | Kevin      | 5800.00 |
|         125 | Julia      | 3200.00 |
|         126 | Irene      | 2700.00 |
|         127 | James      | 2400.00 |
|         128 | Steven     | 2200.00 |
|         129 | Laura      | 3300.00 |
|         130 | Mozhe      | 2800.00 |
|         131 | James      | 2500.00 |
|         132 | TJ         | 2100.00 |
|         133 | Jason      | 3300.00 |
|         134 | Michael    | 2900.00 |
|         135 | Ki         | 2400.00 |
|         136 | Hazel      | 2200.00 |
|         137 | Renske     | 3600.00 |
|         138 | Stephen    | 3200.00 |
|         139 | John       | 2700.00 |
|         140 | Joshua     | 2500.00 |
|         141 | Trenna     | 3500.00 |
|         142 | Curtis     | 3100.00 |
|         143 | Randall    | 2600.00 |
|         144 | Peter      | 2500.00 |
|         180 | Winston    | 3200.00 |
|         181 | Jean       | 3100.00 |
|         182 | Martha     | 2500.00 |
|         183 | Girard     | 2800.00 |
|         184 | Nandita    | 4200.00 |
|         185 | Alexis     | 4100.00 |
|         186 | Julia      | 3400.00 |
|         187 | Anthony    | 3000.00 |
|         188 | Kelly      | 3800.00 |
|         189 | Jennifer   | 3600.00 |
|         190 | Timothy    | 2900.00 |
|         191 | Randall    | 2500.00 |
|         192 | Sarah      | 4000.00 |
|         193 | Britney    | 3900.00 |
|         194 | Samuel     | 3200.00 |
|         195 | Vance      | 2800.00 |
|         196 | Alana      | 3100.00 |
|         197 | Kevin      | 3000.00 |
|         198 | Donald     | 2600.00 |
|         199 | Douglas    | 2600.00 |
|         200 | Jennifer   | 4400.00 |
+-------------+------------+---------+
50 rows in set (0.00 sec)

MariaDB [csd2204w18]> select * from employees limit 100;
+-------------+-------------+-------------+----------+--------------------+------------+------------+----------+----------------+------------+---------------+
| EMPLOYEE_ID | FIRST_NAME  | LAST_NAME   | EMAIL    | PHONE_NUMBER       | HIRE_DATE  | JOB_ID     | SALARY   | COMMISSION_PCT | MANAGER_ID | DEPARTMENT_ID |
+-------------+-------------+-------------+----------+--------------------+------------+------------+----------+----------------+------------+---------------+
|         100 | Steven      | King        | SKING    | 515.123.4567       | 1987-06-17 | AD_PRES    | 24000.00 |           0.00 |          0 |            90 |
|         101 | Neena       | Kochhar     | NKOCHHAR | 515.123.4568       | 1987-06-18 | AD_VP      | 17000.00 |           0.00 |        100 |            90 |
|         102 | Lex         | De Haan     | LDEHAAN  | 515.123.4569       | 1987-06-19 | AD_VP      | 17000.00 |           0.00 |        100 |            90 |
|         103 | Alexander   | Hunold      | AHUNOLD  | 590.423.4567       | 1987-06-20 | IT_PROG    |  9000.00 |           0.00 |        102 |            60 |
|         104 | Bruce       | Ernst       | BERNST   | 590.423.4568       | 1987-06-21 | IT_PROG    |  6000.00 |           0.00 |        103 |            60 |
|         105 | David       | Austin      | DAUSTIN  | 590.423.4569       | 1987-06-22 | IT_PROG    |  4800.00 |           0.00 |        103 |            60 |
|         106 | Valli       | Pataballa   | VPATABAL | 590.423.4560       | 1987-06-23 | IT_PROG    |  4800.00 |           0.00 |        103 |            60 |
|         107 | Diana       | Lorentz     | DLORENTZ | 590.423.5567       | 1987-06-24 | IT_PROG    |  4200.00 |           0.00 |        103 |            60 |
|         108 | Nancy       | Greenberg   | NGREENBE | 515.124.4569       | 1987-06-25 | FI_MGR     | 12000.00 |           0.00 |        101 |           100 |
|         109 | Daniel      | Faviet      | DFAVIET  | 515.124.4169       | 1987-06-26 | FI_ACCOUNT |  9000.00 |           0.00 |        108 |           100 |
|         110 | John        | Chen        | JCHEN    | 515.124.4269       | 1987-06-27 | FI_ACCOUNT |  8200.00 |           0.00 |        108 |           100 |
|         111 | Ismael      | Sciarra     | ISCIARRA | 515.124.4369       | 1987-06-28 | FI_ACCOUNT |  7700.00 |           0.00 |        108 |           100 |
|         112 | Jose Manuel | Urman       | JMURMAN  | 515.124.4469       | 1987-06-29 | FI_ACCOUNT |  7800.00 |           0.00 |        108 |           100 |
|         113 | Luis        | Popp        | LPOPP    | 515.124.4567       | 1987-06-30 | FI_ACCOUNT |  6900.00 |           0.00 |        108 |           100 |
|         114 | Den         | Raphaely    | DRAPHEAL | 515.127.4561       | 1987-07-01 | PU_MAN     | 11000.00 |           0.00 |        100 |            30 |
|         115 | Alexander   | Khoo        | AKHOO    | 515.127.4562       | 1987-07-02 | PU_CLERK   |  3100.00 |           0.00 |        114 |            30 |
|         116 | Shelli      | Baida       | SBAIDA   | 515.127.4563       | 1987-07-03 | PU_CLERK   |  2900.00 |           0.00 |        114 |            30 |
|         117 | Sigal       | Tobias      | STOBIAS  | 515.127.4564       | 1987-07-04 | PU_CLERK   |  2800.00 |           0.00 |        114 |            30 |
|         118 | Guy         | Himuro      | GHIMURO  | 515.127.4565       | 1987-07-05 | PU_CLERK   |  2600.00 |           0.00 |        114 |            30 |
|         119 | Karen       | Colmenares  | KCOLMENA | 515.127.4566       | 1987-07-06 | PU_CLERK   |  2500.00 |           0.00 |        114 |            30 |
|         120 | Matthew     | Weiss       | MWEISS   | 650.123.1234       | 1987-07-07 | ST_MAN     |  8000.00 |           0.00 |        100 |            50 |
|         121 | Adam        | Fripp       | AFRIPP   | 650.123.2234       | 1987-07-08 | ST_MAN     |  8200.00 |           0.00 |        100 |            50 |
|         122 | Payam       | Kaufling    | PKAUFLIN | 650.123.3234       | 1987-07-09 | ST_MAN     |  7900.00 |           0.00 |        100 |            50 |
|         123 | Shanta      | Vollman     | SVOLLMAN | 650.123.4234       | 1987-07-10 | ST_MAN     |  6500.00 |           0.00 |        100 |            50 |
|         124 | Kevin       | Mourgos     | KMOURGOS | 650.123.5234       | 1987-07-11 | ST_MAN     |  5800.00 |           0.00 |        100 |            50 |
|         125 | Julia       | Nayer       | JNAYER   | 650.124.1214       | 1987-07-12 | ST_CLERK   |  3200.00 |           0.00 |        120 |            50 |
|         126 | Irene       | Mikkilineni | IMIKKILI | 650.124.1224       | 1987-07-13 | ST_CLERK   |  2700.00 |           0.00 |        120 |            50 |
|         127 | James       | Landry      | JLANDRY  | 650.124.1334       | 1987-07-14 | ST_CLERK   |  2400.00 |           0.00 |        120 |            50 |
|         128 | Steven      | Markle      | SMARKLE  | 650.124.1434       | 1987-07-15 | ST_CLERK   |  2200.00 |           0.00 |        120 |            50 |
|         129 | Laura       | Bissot      | LBISSOT  | 650.124.5234       | 1987-07-16 | ST_CLERK   |  3300.00 |           0.00 |        121 |            50 |
|         130 | Mozhe       | Atkinson    | MATKINSO | 650.124.6234       | 1987-07-17 | ST_CLERK   |  2800.00 |           0.00 |        121 |            50 |
|         131 | James       | Marlow      | JAMRLOW  | 650.124.7234       | 1987-07-18 | ST_CLERK   |  2500.00 |           0.00 |        121 |            50 |
|         132 | TJ          | Olson       | TJOLSON  | 650.124.8234       | 1987-07-19 | ST_CLERK   |  2100.00 |           0.00 |        121 |            50 |
|         133 | Jason       | Mallin      | JMALLIN  | 650.127.1934       | 1987-07-20 | ST_CLERK   |  3300.00 |           0.00 |        122 |            50 |
|         134 | Michael     | Rogers      | MROGERS  | 650.127.1834       | 1987-07-21 | ST_CLERK   |  2900.00 |           0.00 |        122 |            50 |
|         135 | Ki          | Gee         | KGEE     | 650.127.1734       | 1987-07-22 | ST_CLERK   |  2400.00 |           0.00 |        122 |            50 |
|         136 | Hazel       | Philtanker  | HPHILTAN | 650.127.1634       | 1987-07-23 | ST_CLERK   |  2200.00 |           0.00 |        122 |            50 |
|         137 | Renske      | Ladwig      | RLADWIG  | 650.121.1234       | 1987-07-24 | ST_CLERK   |  3600.00 |           0.00 |        123 |            50 |
|         138 | Stephen     | Stiles      | SSTILES  | 650.121.2034       | 1987-07-25 | ST_CLERK   |  3200.00 |           0.00 |        123 |            50 |
|         139 | John        | Seo         | JSEO     | 650.121.2019       | 1987-07-26 | ST_CLERK   |  2700.00 |           0.00 |        123 |            50 |
|         140 | Joshua      | Patel       | JPATEL   | 650.121.1834       | 1987-07-27 | ST_CLERK   |  2500.00 |           0.00 |        123 |            50 |
|         141 | Trenna      | Rajs        | TRAJS    | 650.121.8009       | 1987-07-28 | ST_CLERK   |  3500.00 |           0.00 |        124 |            50 |
|         142 | Curtis      | Davies      | CDAVIES  | 650.121.2994       | 1987-07-29 | ST_CLERK   |  3100.00 |           0.00 |        124 |            50 |
|         143 | Randall     | Matos       | RMATOS   | 650.121.2874       | 1987-07-30 | ST_CLERK   |  2600.00 |           0.00 |        124 |            50 |
|         144 | Peter       | Vargas      | PVARGAS  | 650.121.2004       | 1987-07-31 | ST_CLERK   |  2500.00 |           0.00 |        124 |            50 |
|         145 | John        | Russell     | JRUSSEL  | 011.44.1344.429268 | 1987-08-01 | SA_MAN     | 14000.00 |           0.40 |        100 |            80 |
|         146 | Karen       | Partners    | KPARTNER | 011.44.1344.467268 | 1987-08-02 | SA_MAN     | 13500.00 |           0.30 |        100 |            80 |
|         147 | Alberto     | Errazuriz   | AERRAZUR | 011.44.1344.429278 | 1987-08-03 | SA_MAN     | 12000.00 |           0.30 |        100 |            80 |
|         148 | Gerald      | Cambrault   | GCAMBRAU | 011.44.1344.619268 | 1987-08-04 | SA_MAN     | 11000.00 |           0.30 |        100 |            80 |
|         149 | Eleni       | Zlotkey     | EZLOTKEY | 011.44.1344.429018 | 1987-08-05 | SA_MAN     | 10500.00 |           0.20 |        100 |            80 |
|         150 | Peter       | Tucker      | PTUCKER  | 011.44.1344.129268 | 1987-08-06 | SA_REP     | 10000.00 |           0.30 |        145 |            80 |
|         151 | David       | Bernstein   | DBERNSTE | 011.44.1344.345268 | 1987-08-07 | SA_REP     |  9500.00 |           0.25 |        145 |            80 |
|         152 | Peter       | Hall        | PHALL    | 011.44.1344.478968 | 1987-08-08 | SA_REP     |  9000.00 |           0.25 |        145 |            80 |
|         153 | Christopher | Olsen       | COLSEN   | 011.44.1344.498718 | 1987-08-09 | SA_REP     |  8000.00 |           0.20 |        145 |            80 |
|         154 | Nanette     | Cambrault   | NCAMBRAU | 011.44.1344.987668 | 1987-08-10 | SA_REP     |  7500.00 |           0.20 |        145 |            80 |
|         155 | Oliver      | Tuvault     | OTUVAULT | 011.44.1344.486508 | 1987-08-11 | SA_REP     |  7000.00 |           0.15 |        145 |            80 |
|         156 | Janette     | King        | JKING    | 011.44.1345.429268 | 1987-08-12 | SA_REP     | 10000.00 |           0.35 |        146 |            80 |
|         157 | Patrick     | Sully       | PSULLY   | 011.44.1345.929268 | 1987-08-13 | SA_REP     |  9500.00 |           0.35 |        146 |            80 |
|         158 | Allan       | McEwen      | AMCEWEN  | 011.44.1345.829268 | 1987-08-14 | SA_REP     |  9000.00 |           0.35 |        146 |            80 |
|         159 | Lindsey     | Smith       | LSMITH   | 011.44.1345.729268 | 1987-08-15 | SA_REP     |  8000.00 |           0.30 |        146 |            80 |
|         160 | Louise      | Doran       | LDORAN   | 011.44.1345.629268 | 1987-08-16 | SA_REP     |  7500.00 |           0.30 |        146 |            80 |
|         161 | Sarath      | Sewall      | SSEWALL  | 011.44.1345.529268 | 1987-08-17 | SA_REP     |  7000.00 |           0.25 |        146 |            80 |
|         162 | Clara       | Vishney     | CVISHNEY | 011.44.1346.129268 | 1987-08-18 | SA_REP     | 10500.00 |           0.25 |        147 |            80 |
|         163 | Danielle    | Greene      | DGREENE  | 011.44.1346.229268 | 1987-08-19 | SA_REP     |  9500.00 |           0.15 |        147 |            80 |
|         164 | Mattea      | Marvins     | MMARVINS | 011.44.1346.329268 | 1987-08-20 | SA_REP     |  7200.00 |           0.10 |        147 |            80 |
|         165 | David       | Lee         | DLEE     | 011.44.1346.529268 | 1987-08-21 | SA_REP     |  6800.00 |           0.10 |        147 |            80 |
|         166 | Sundar      | Ande        | SANDE    | 011.44.1346.629268 | 1987-08-22 | SA_REP     |  6400.00 |           0.10 |        147 |            80 |
|         167 | Amit        | Banda       | ABANDA   | 011.44.1346.729268 | 1987-08-23 | SA_REP     |  6200.00 |           0.10 |        147 |            80 |
|         168 | Lisa        | Ozer        | LOZER    | 011.44.1343.929268 | 1987-08-24 | SA_REP     | 11500.00 |           0.25 |        148 |            80 |
|         169 | Harrison    | Bloom       | HBLOOM   | 011.44.1343.829268 | 1987-08-25 | SA_REP     | 10000.00 |           0.20 |        148 |            80 |
|         170 | Tayler      | Fox         | TFOX     | 011.44.1343.729268 | 1987-08-26 | SA_REP     |  9600.00 |           0.20 |        148 |            80 |
|         171 | William     | Smith       | WSMITH   | 011.44.1343.629268 | 1987-08-27 | SA_REP     |  7400.00 |           0.15 |        148 |            80 |
|         172 | Elizabeth   | Bates       | EBATES   | 011.44.1343.529268 | 1987-08-28 | SA_REP     |  7300.00 |           0.15 |        148 |            80 |
|         173 | Sundita     | Kumar       | SKUMAR   | 011.44.1343.329268 | 1987-08-29 | SA_REP     |  6100.00 |           0.10 |        148 |            80 |
|         174 | Ellen       | Abel        | EABEL    | 011.44.1644.429267 | 1987-08-30 | SA_REP     | 11000.00 |           0.30 |        149 |            80 |
|         175 | Alyssa      | Hutton      | AHUTTON  | 011.44.1644.429266 | 1987-08-31 | SA_REP     |  8800.00 |           0.25 |        149 |            80 |
|         176 | Jonathon    | Taylor      | JTAYLOR  | 011.44.1644.429265 | 1987-09-01 | SA_REP     |  8600.00 |           0.20 |        149 |            80 |
|         177 | Jack        | Livingston  | JLIVINGS | 011.44.1644.429264 | 1987-09-02 | SA_REP     |  8400.00 |           0.20 |        149 |            80 |
|         178 | Kimberely   | Grant       | KGRANT   | 011.44.1644.429263 | 1987-09-03 | SA_REP     |  7000.00 |           0.15 |        149 |             0 |
|         179 | Charles     | Johnson     | CJOHNSON | 011.44.1644.429262 | 1987-09-04 | SA_REP     |  6200.00 |           0.10 |        149 |            80 |
|         180 | Winston     | Taylor      | WTAYLOR  | 650.507.9876       | 1987-09-05 | SH_CLERK   |  3200.00 |           0.00 |        120 |            50 |
|         181 | Jean        | Fleaur      | JFLEAUR  | 650.507.9877       | 1987-09-06 | SH_CLERK   |  3100.00 |           0.00 |        120 |            50 |
|         182 | Martha      | Sullivan    | MSULLIVA | 650.507.9878       | 1987-09-07 | SH_CLERK   |  2500.00 |           0.00 |        120 |            50 |
|         183 | Girard      | Geoni       | GGEONI   | 650.507.9879       | 1987-09-08 | SH_CLERK   |  2800.00 |           0.00 |        120 |            50 |
|         184 | Nandita     | Sarchand    | NSARCHAN | 650.509.1876       | 1987-09-09 | SH_CLERK   |  4200.00 |           0.00 |        121 |            50 |
|         185 | Alexis      | Bull        | ABULL    | 650.509.2876       | 1987-09-10 | SH_CLERK   |  4100.00 |           0.00 |        121 |            50 |
|         186 | Julia       | Dellinger   | JDELLING | 650.509.3876       | 1987-09-11 | SH_CLERK   |  3400.00 |           0.00 |        121 |            50 |
|         187 | Anthony     | Cabrio      | ACABRIO  | 650.509.4876       | 1987-09-12 | SH_CLERK   |  3000.00 |           0.00 |        121 |            50 |
|         188 | Kelly       | Chung       | KCHUNG   | 650.505.1876       | 1987-09-13 | SH_CLERK   |  3800.00 |           0.00 |        122 |            50 |
|         189 | Jennifer    | Dilly       | JDILLY   | 650.505.2876       | 1987-09-14 | SH_CLERK   |  3600.00 |           0.00 |        122 |            50 |
|         190 | Timothy     | Gates       | TGATES   | 650.505.3876       | 1987-09-15 | SH_CLERK   |  2900.00 |           0.00 |        122 |            50 |
|         191 | Randall     | Perkins     | RPERKINS | 650.505.4876       | 1987-09-16 | SH_CLERK   |  2500.00 |           0.00 |        122 |            50 |
|         192 | Sarah       | Bell        | SBELL    | 650.501.1876       | 1987-09-17 | SH_CLERK   |  4000.00 |           0.00 |        123 |            50 |
|         193 | Britney     | Everett     | BEVERETT | 650.501.2876       | 1987-09-18 | SH_CLERK   |  3900.00 |           0.00 |        123 |            50 |
|         194 | Samuel      | McCain      | SMCCAIN  | 650.501.3876       | 1987-09-19 | SH_CLERK   |  3200.00 |           0.00 |        123 |            50 |
|         195 | Vance       | Jones       | VJONES   | 650.501.4876       | 1987-09-20 | SH_CLERK   |  2800.00 |           0.00 |        123 |            50 |
|         196 | Alana       | Walsh       | AWALSH   | 650.507.9811       | 1987-09-21 | SH_CLERK   |  3100.00 |           0.00 |        124 |            50 |
|         197 | Kevin       | Feeney      | KFEENEY  | 650.507.9822       | 1987-09-22 | SH_CLERK   |  3000.00 |           0.00 |        124 |            50 |
|         198 | Donald      | OConnell    | DOCONNEL | 650.507.9833       | 1987-09-23 | SH_CLERK   |  2600.00 |           0.00 |        124 |            50 |
|         199 | Douglas     | Grant       | DGRANT   | 650.507.9844       | 1987-09-24 | SH_CLERK   |  2600.00 |           0.00 |        124 |            50 |
+-------------+-------------+-------------+----------+--------------------+------------+------------+----------+----------------+------------+---------------+
100 rows in set (0.00 sec)

MariaDB [csd2204w18]> select employee_id, first_name, salary from employees where salary < (select min(salary) from employees where department_id in (select department_id from departments where location_id in (select location_id from locations where country_id = "us")));
Empty set (0.00 sec)

MariaDB [csd2204w18]> select employee_id, first_name, salary from employees where;
ERROR 1064 (42000): You have an error in your SQL syntax; check the manual that corresponds to your MariaDB server version for the right syntax to use near '' at line 1
MariaDB [csd2204w18]> select * from departments;
+---------------+----------------------+------------+-------------+
| DEPARTMENT_ID | DEPARTMENT_NAME      | MANAGER_ID | LOCATION_ID |
+---------------+----------------------+------------+-------------+
|            10 | Administration       |        200 |        1700 |
|            20 | Marketing            |        201 |        1800 |
|            30 | Purchasing           |        114 |        1700 |
|            40 | Human Resources      |        203 |        2400 |
|            50 | Shipping             |        121 |        1500 |
|            60 | IT                   |        103 |        1400 |
|            70 | Public Relations     |        204 |        2700 |
|            80 | Sales                |        145 |        2500 |
|            90 | Executive            |        100 |        1700 |
|           100 | Finance              |        108 |        1700 |
|           110 | Accounting           |        205 |        1700 |
|           120 | Treasury             |          0 |        1700 |
|           130 | Corporate Tax        |          0 |        1700 |
|           140 | Control And Credit   |          0 |        1700 |
|           150 | Shareholder Services |          0 |        1700 |
|           160 | Benefits             |          0 |        1700 |
|           170 | Manufacturing        |          0 |        1700 |
|           180 | Construction         |          0 |        1700 |
|           190 | Contracting          |          0 |        1700 |
|           200 | Operations           |          0 |        1700 |
|           210 | IT Support           |          0 |        1700 |
|           220 | NOC                  |          0 |        1700 |
|           230 | IT Helpdesk          |          0 |        1700 |
|           240 | Government Sales     |          0 |        1700 |
|           250 | Retail Sales         |          0 |        1700 |
|           260 | Recruiting           |          0 |        1700 |
|           270 | Payroll              |          0 |        1700 |
+---------------+----------------------+------------+-------------+
27 rows in set (0.00 sec)

MariaDB [csd2204w18]> select employee_id, first_name, salary from employees where location = "us";
ERROR 1054 (42S22): Unknown column 'location' in 'where clause'
MariaDB [csd2204w18]> select employee_id, first_name, salary from employees where location_id = "us";
ERROR 1054 (42S22): Unknown column 'location_id' in 'where clause'
MariaDB [csd2204w18]> select employee_id, first_name, salary from employees where location_id in (select location_id from locations where country_id = "us";
ERROR 1064 (42000): You have an error in your SQL syntax; check the manual that corresponds to your MariaDB server version for the right syntax to use near '' at line 1
MariaDB [csd2204w18]> select employee_id, first_name, salary from employees where location_id in (select location_id from locations where country_id = "us");
ERROR 1054 (42S22): Unknown column 'location_id' in 'IN/ALL/ANY subquery'
MariaDB [csd2204w18]> select department_id from departments where location_id in (select location_id from locations where country_id = "us");
+---------------+
| department_id |
+---------------+
|            60 |
|            50 |
|            10 |
|            30 |
|            90 |
|           100 |
|           110 |
|           120 |
|           130 |
|           140 |
|           150 |
|           160 |
|           170 |
|           180 |
|           190 |
|           200 |
|           210 |
|           220 |
|           230 |
|           240 |
|           250 |
|           260 |
|           270 |
+---------------+
23 rows in set (0.00 sec)

MariaDB [csd2204w18]> select employee_id, first_name, salary from employees b where not exists (employee_id in (select manager_id from employees));
ERROR 1064 (42000): You have an error in your SQL syntax; check the manual that corresponds to your MariaDB server version for the right syntax to use near 'employee_id in (select manager_id from employees))' at line 1
MariaDB [csd2204w18]> select employee_id, first_name, department_id from employees b where not exists (employee_id in (select manager_id from employees));
ERROR 1064 (42000): You have an error in your SQL syntax; check the manual that corresponds to your MariaDB server version for the right syntax to use near 'employee_id in (select manager_id from employees))' at line 1
MariaDB [csd2204w18]> select employee_id, salary, department_id from employees b where not exists (employee_id in (select manager_id from employees));
ERROR 1064 (42000): You have an error in your SQL syntax; check the manual that corresponds to your MariaDB server version for the right syntax to use near 'employee_id in (select manager_id from employees))' at line 1
MariaDB [csd2204w18]> select employee_id, salary, department_id from employees b where (employee_id in (select manager_id from employees));
+-------------+----------+---------------+
| employee_id | salary   | department_id |
+-------------+----------+---------------+
|         100 | 24000.00 |            90 |
|         101 | 17000.00 |            90 |
|         102 | 17000.00 |            90 |
|         103 |  9000.00 |            60 |
|         108 | 12000.00 |           100 |
|         114 | 11000.00 |            30 |
|         120 |  8000.00 |            50 |
|         121 |  8200.00 |            50 |
|         122 |  7900.00 |            50 |
|         123 |  6500.00 |            50 |
|         124 |  5800.00 |            50 |
|         145 | 14000.00 |            80 |
|         146 | 13500.00 |            80 |
|         147 | 12000.00 |            80 |
|         148 | 11000.00 |            80 |
|         149 | 10500.00 |            80 |
|         201 | 13000.00 |            20 |
|         205 | 12000.00 |           110 |
+-------------+----------+---------------+
18 rows in set (0.00 sec)

MariaDB [csd2204w18]> select employee_id, salary, department_id from employees b where (employee_id in (select manager_id from employees) and department_id from departments where location_id in (select location_id from locations where country_id = "us"));
ERROR 1064 (42000): You have an error in your SQL syntax; check the manual that corresponds to your MariaDB server version for the right syntax to use near 'from departments where location_id in (select location_id from locations where c' at line 1
MariaDB [csd2204w18]> select employee_id, salary, department_id from employees b where salary > (employee_id in (select manager_id from employees));
+-------------+----------+---------------+
| employee_id | salary   | department_id |
+-------------+----------+---------------+
|         100 | 24000.00 |            90 |
|         101 | 17000.00 |            90 |
|         102 | 17000.00 |            90 |
|         103 |  9000.00 |            60 |
|         104 |  6000.00 |            60 |
|         105 |  4800.00 |            60 |
|         106 |  4800.00 |            60 |
|         107 |  4200.00 |            60 |
|         108 | 12000.00 |           100 |
|         109 |  9000.00 |           100 |
|         110 |  8200.00 |           100 |
|         111 |  7700.00 |           100 |
|         112 |  7800.00 |           100 |
|         113 |  6900.00 |           100 |
|         114 | 11000.00 |            30 |
|         115 |  3100.00 |            30 |
|         116 |  2900.00 |            30 |
|         117 |  2800.00 |            30 |
|         118 |  2600.00 |            30 |
|         119 |  2500.00 |            30 |
|         120 |  8000.00 |            50 |
|         121 |  8200.00 |            50 |
|         122 |  7900.00 |            50 |
|         123 |  6500.00 |            50 |
|         124 |  5800.00 |            50 |
|         125 |  3200.00 |            50 |
|         126 |  2700.00 |            50 |
|         127 |  2400.00 |            50 |
|         128 |  2200.00 |            50 |
|         129 |  3300.00 |            50 |
|         130 |  2800.00 |            50 |
|         131 |  2500.00 |            50 |
|         132 |  2100.00 |            50 |
|         133 |  3300.00 |            50 |
|         134 |  2900.00 |            50 |
|         135 |  2400.00 |            50 |
|         136 |  2200.00 |            50 |
|         137 |  3600.00 |            50 |
|         138 |  3200.00 |            50 |
|         139 |  2700.00 |            50 |
|         140 |  2500.00 |            50 |
|         141 |  3500.00 |            50 |
|         142 |  3100.00 |            50 |
|         143 |  2600.00 |            50 |
|         144 |  2500.00 |            50 |
|         145 | 14000.00 |            80 |
|         146 | 13500.00 |            80 |
|         147 | 12000.00 |            80 |
|         148 | 11000.00 |            80 |
|         149 | 10500.00 |            80 |
|         150 | 10000.00 |            80 |
|         151 |  9500.00 |            80 |
|         152 |  9000.00 |            80 |
|         153 |  8000.00 |            80 |
|         154 |  7500.00 |            80 |
|         155 |  7000.00 |            80 |
|         156 | 10000.00 |            80 |
|         157 |  9500.00 |            80 |
|         158 |  9000.00 |            80 |
|         159 |  8000.00 |            80 |
|         160 |  7500.00 |            80 |
|         161 |  7000.00 |            80 |
|         162 | 10500.00 |            80 |
|         163 |  9500.00 |            80 |
|         164 |  7200.00 |            80 |
|         165 |  6800.00 |            80 |
|         166 |  6400.00 |            80 |
|         167 |  6200.00 |            80 |
|         168 | 11500.00 |            80 |
|         169 | 10000.00 |            80 |
|         170 |  9600.00 |            80 |
|         171 |  7400.00 |            80 |
|         172 |  7300.00 |            80 |
|         173 |  6100.00 |            80 |
|         174 | 11000.00 |            80 |
|         175 |  8800.00 |            80 |
|         176 |  8600.00 |            80 |
|         177 |  8400.00 |            80 |
|         178 |  7000.00 |             0 |
|         179 |  6200.00 |            80 |
|         180 |  3200.00 |            50 |
|         181 |  3100.00 |            50 |
|         182 |  2500.00 |            50 |
|         183 |  2800.00 |            50 |
|         184 |  4200.00 |            50 |
|         185 |  4100.00 |            50 |
|         186 |  3400.00 |            50 |
|         187 |  3000.00 |            50 |
|         188 |  3800.00 |            50 |
|         189 |  3600.00 |            50 |
|         190 |  2900.00 |            50 |
|         191 |  2500.00 |            50 |
|         192 |  4000.00 |            50 |
|         193 |  3900.00 |            50 |
|         194 |  3200.00 |            50 |
|         195 |  2800.00 |            50 |
|         196 |  3100.00 |            50 |
|         197 |  3000.00 |            50 |
|         198 |  2600.00 |            50 |
|         199 |  2600.00 |            50 |
|         200 |  4400.00 |            10 |
|         201 | 13000.00 |            20 |
|         202 |  6000.00 |            20 |
|         203 |  6500.00 |            40 |
|         204 | 10000.00 |            70 |
|         205 | 12000.00 |           110 |
|         206 |  8300.00 |           110 |
+-------------+----------+---------------+
107 rows in set (0.00 sec)

MariaDB [csd2204w18]> select employee_id, salary, department_id from employees b where salary > (employee_id in (select manager_id from employees) and department_id from departments where location_id in (select location_id from locations where country_id = "us");
ERROR 1064 (42000): You have an error in your SQL syntax; check the manual that corresponds to your MariaDB server version for the right syntax to use near 'from departments where location_id in (select location_id from locations where c' at line 1
MariaDB [csd2204w18]> select employee_id, salary, department_id from employees b where salary > (employee_id in (select manager_id from employees) in department_id from departments where location_id in (select location_id from locations where country_id = "us"));
ERROR 1064 (42000): You have an error in your SQL syntax; check the manual that corresponds to your MariaDB server version for the right syntax to use near 'in department_id from departments where location_id in (select location_id from ' at line 1
MariaDB [csd2204w18]> select employee_id, salary, department_id from employees b where not exists > (select manager_id from employees) and salary > (select min(salary) from employees where department_id from departments where location_id in (select location_id from locations where country_id = "us"));
ERROR 1064 (42000): You have an error in your SQL syntax; check the manual that corresponds to your MariaDB server version for the right syntax to use near '> (select manager_id from employees) and salary > (select min(salary) from emplo' at line 1
MariaDB [csd2204w18]> select employee_id, salary, department_id from employees b where not exists > (employee_id(select manager_id from employees) and salary > (select min(salary) from employees where department_id from departments where location_id in (select location_id from locations where country_id = "us")));
ERROR 1064 (42000): You have an error in your SQL syntax; check the manual that corresponds to your MariaDB server version for the right syntax to use near '> (employee_id(select manager_id from employees) and salary > (select min(salary' at line 1
MariaDB [csd2204w18]> select employee_id, salary, department_id from employees b where not exists > (select manager_id from employees) and salary > (select min(salary) from employees where department_id from departments where location_id in (select location_id from locations where country_id = "us")));
ERROR 1064 (42000): You have an error in your SQL syntax; check the manual that corresponds to your MariaDB server version for the right syntax to use near '> (select manager_id from employees) and salary > (select min(salary) from emplo' at line 1
MariaDB [csd2204w18]> select employee_id, salary, first_name from employees b where not exists > any(select manager_id from employees) and salary > (select min(salary) from employees where department_id from departments where location_id in (select location_id from locations where country_id = "us")));
ERROR 1064 (42000): You have an error in your SQL syntax; check the manual that corresponds to your MariaDB server version for the right syntax to use near '> any(select manager_id from employees) and salary > (select min(salary) from em' at line 1
MariaDB [csd2204w18]> select employee_id, salary, first_name from employees b where not exists > (select manager_id from employees) and salary > any  (select min(salary) from employees where department_id from departments where location_id in (select location_id from locations where country_id = "us")));
ERROR 1064 (42000): You have an error in your SQL syntax; check the manual that corresponds to your MariaDB server version for the right syntax to use near '> (select manager_id from employees) and salary > any  (select min(salary) from ' at line 1
MariaDB [csd2204w18]> select b.employee_id, b.salary, b.first_name from employees b where not exists (select manager_id from employees a.managaer_id = b.employee_id) > any (select min(salary) from employee_id in (select location_id from locations where country_id = "us"));
ERROR 1064 (42000): You have an error in your SQL syntax; check the manual that corresponds to your MariaDB server version for the right syntax to use near '.managaer_id = b.employee_id) > any (select min(salary) from employee_id in (sel' at line 1
MariaDB [csd2204w18]> select b.employee_id, b.salary, b.first_name from employees b where not exists (select manager_id from employees a.manager_id = b.employee_id) > any (select min(salary) from employee_id in (select location_id from locations where country_id = "us"));
ERROR 1064 (42000): You have an error in your SQL syntax; check the manual that corresponds to your MariaDB server version for the right syntax to use near '.manager_id = b.employee_id) > any (select min(salary) from employee_id in (sele' at line 1
MariaDB [csd2204w18]> select b.employee_id, b.salary, b.first_name from employees b where not exists (select manager_id from employees a.manager_id = b.employee_id) > any (select min(salary) from manager_id in (select location_id from locations where country_id = "us"));
ERROR 1064 (42000): You have an error in your SQL syntax; check the manual that corresponds to your MariaDB server version for the right syntax to use near '.manager_id = b.employee_id) > any (select min(salary) from manager_id in (selec' at line 1
MariaDB [csd2204w18]> select b.employee_id, b.salary, b.first_name from employees b where not exists (select emplopyee_id from employees a.manager_id = b.employee_id) > any (select min(salary) from manager_id in (select location_id from locations where country_id = "us"));
ERROR 1064 (42000): You have an error in your SQL syntax; check the manual that corresponds to your MariaDB server version for the right syntax to use near '.manager_id = b.employee_id) > any (select min(salary) from manager_id in (selec' at line 1
MariaDB [csd2204w18]> select b.employee_id, b.salary, b.first_name from employees b where not exists (select employee_id from employees a.manager_id = b.employee_id) > any (select min(salary) from employee_id in (select location_id from locations where country_id = "us"));
ERROR 1064 (42000): You have an error in your SQL syntax; check the manual that corresponds to your MariaDB server version for the right syntax to use near '.manager_id = b.employee_id) > any (select min(salary) from employee_id in (sele' at line 1
MariaDB [csd2204w18]> select b.employee_id, b.salary, b.first_name from employees b where not exists (select manager_id from employees a.manager_id = b.employee_id) > any (select min(salary) from manager_id not  in (select location_id from locations where country_id = "us"));
ERROR 1064 (42000): You have an error in your SQL syntax; check the manual that corresponds to your MariaDB server version for the right syntax to use near '.manager_id = b.employee_id) > any (select min(salary) from manager_id not  in (' at line 1
MariaDB [csd2204w18]> select employee_id, salary from employees where (salary > any(select salary from employees where (employee_id in (select manager_id from employees)) and department_id in(select department_id from departments where location_id in (select location_id from locations where country_id = "us"))) and employee_id not in(select manager_id from employees);
ERROR 1064 (42000): You have an error in your SQL syntax; check the manual that corresponds to your MariaDB server version for the right syntax to use near '' at line 1
MariaDB [csd2204w18]> select employee_id, salary from employees where (salary > any(select salary from employees where (employee_id in (select manager_id from employees)) and department_id in(select department_id from departments where location_id in (select location_id from locations where country_id = "us")))) and employee_id not in(select manager_id from employees);
+-------------+----------+
| employee_id | salary   |
+-------------+----------+
|         104 |  6000.00 |
|         109 |  9000.00 |
|         110 |  8200.00 |
|         111 |  7700.00 |
|         112 |  7800.00 |
|         113 |  6900.00 |
|         150 | 10000.00 |
|         151 |  9500.00 |
|         152 |  9000.00 |
|         153 |  8000.00 |
|         154 |  7500.00 |
|         155 |  7000.00 |
|         156 | 10000.00 |
|         157 |  9500.00 |
|         158 |  9000.00 |
|         159 |  8000.00 |
|         160 |  7500.00 |
|         161 |  7000.00 |
|         162 | 10500.00 |
|         163 |  9500.00 |
|         164 |  7200.00 |
|         165 |  6800.00 |
|         166 |  6400.00 |
|         167 |  6200.00 |
|         168 | 11500.00 |
|         169 | 10000.00 |
|         170 |  9600.00 |
|         171 |  7400.00 |
|         172 |  7300.00 |
|         173 |  6100.00 |
|         174 | 11000.00 |
|         175 |  8800.00 |
|         176 |  8600.00 |
|         177 |  8400.00 |
|         178 |  7000.00 |
|         179 |  6200.00 |
|         202 |  6000.00 |
|         203 |  6500.00 |
|         204 | 10000.00 |
|         206 |  8300.00 |
+-------------+----------+
40 rows in set (0.00 sec)

MariaDB [csd2204w18]> set @i = 0;
Query OK, 0 rows affected (0.00 sec)

MariaDB [csd2204w18]> select i, employee_id from (select @i := @i + 1 as i, employee_id from employees) a where mod(a.i, 2) = 0;
+------+-------------+
| i    | employee_id |
+------+-------------+
|    2 |         200 |
|    4 |         202 |
|    6 |         115 |
|    8 |         117 |
|   10 |         119 |
|   12 |         120 |
|   14 |         122 |
|   16 |         124 |
|   18 |         126 |
|   20 |         128 |
|   22 |         130 |
|   24 |         132 |
|   26 |         134 |
|   28 |         136 |
|   30 |         138 |
|   32 |         140 |
|   34 |         142 |
|   36 |         144 |
|   38 |         181 |
|   40 |         183 |
|   42 |         185 |
|   44 |         187 |
|   46 |         189 |
|   48 |         191 |
|   50 |         193 |
|   52 |         195 |
|   54 |         197 |
|   56 |         199 |
|   58 |         104 |
|   60 |         106 |
|   62 |         204 |
|   64 |         146 |
|   66 |         148 |
|   68 |         150 |
|   70 |         152 |
|   72 |         154 |
|   74 |         156 |
|   76 |         158 |
|   78 |         160 |
|   80 |         162 |
|   82 |         164 |
|   84 |         166 |
|   86 |         168 |
|   88 |         170 |
|   90 |         172 |
|   92 |         174 |
|   94 |         176 |
|   96 |         179 |
|   98 |         101 |
|  100 |         108 |
|  102 |         110 |
|  104 |         112 |
|  106 |         205 |
+------+-------------+
53 rows in set (0.00 sec)

MariaDB [csd2204w18]> select distinct salary from employees e1 where 5 = (select count(distinct salary) from employees e2 where e2.salary >= e1.salary);
+----------+
| salary   |
+----------+
| 13000.00 |
+----------+
1 row in set (0.00 sec)

MariaDB [csd2204w18]> select distinct salary from employees e1 where 4 = (select count(distinct salary) from employees e2 where e2.salary <= e1.salary);
+---------+
| salary  |
+---------+
| 2500.00 |
+---------+
1 row in set (0.00 sec)

MariaDB [csd2204w18]> select * from (select * from employees order by employee_id desc limit 10) sub order by employee_id asc;
+-------------+------------+-----------+----------+--------------+------------+------------+----------+----------------+------------+---------------+
| EMPLOYEE_ID | FIRST_NAME | LAST_NAME | EMAIL    | PHONE_NUMBER | HIRE_DATE  | JOB_ID     | SALARY   | COMMISSION_PCT | MANAGER_ID | DEPARTMENT_ID |
+-------------+------------+-----------+----------+--------------+------------+------------+----------+----------------+------------+---------------+
|         197 | Kevin      | Feeney    | KFEENEY  | 650.507.9822 | 1987-09-22 | SH_CLERK   |  3000.00 |           0.00 |        124 |            50 |
|         198 | Donald     | OConnell  | DOCONNEL | 650.507.9833 | 1987-09-23 | SH_CLERK   |  2600.00 |           0.00 |        124 |            50 |
|         199 | Douglas    | Grant     | DGRANT   | 650.507.9844 | 1987-09-24 | SH_CLERK   |  2600.00 |           0.00 |        124 |            50 |
|         200 | Jennifer   | Whalen    | JWHALEN  | 515.123.4444 | 1987-09-25 | AD_ASST    |  4400.00 |           0.00 |        101 |            10 |
|         201 | Michael    | Hartstein | MHARTSTE | 515.123.5555 | 1987-09-26 | MK_MAN     | 13000.00 |           0.00 |        100 |            20 |
|         202 | Pat        | Fay       | PFAY     | 603.123.6666 | 1987-09-27 | MK_REP     |  6000.00 |           0.00 |        201 |            20 |
|         203 | Susan      | Mavris    | SMAVRIS  | 515.123.7777 | 1987-09-28 | HR_REP     |  6500.00 |           0.00 |        101 |            40 |
|         204 | Hermann    | Baer      | HBAER    | 515.123.8888 | 1987-09-29 | PR_REP     | 10000.00 |           0.00 |        101 |            70 |
|         205 | Shelley    | Higgins   | SHIGGINS | 515.123.8080 | 1987-09-30 | AC_MGR     | 12000.00 |           0.00 |        101 |           110 |
|         206 | William    | Gietz     | WGIETZ   | 515.123.8181 | 1987-10-01 | AC_ACCOUNT |  8300.00 |           0.00 |        205 |           110 |
+-------------+------------+-----------+----------+--------------+------------+------------+----------+----------------+------------+---------------+
10 rows in set (0.00 sec)

MariaDB [csd2204w18]> select * from departments where department_id not in (select department_id from employees;
ERROR 1064 (42000): You have an error in your SQL syntax; check the manual that corresponds to your MariaDB server version for the right syntax to use near '' at line 1
MariaDB [csd2204w18]> select * from departments where department_id not in (select department_id from employees);
+---------------+----------------------+------------+-------------+
| DEPARTMENT_ID | DEPARTMENT_NAME      | MANAGER_ID | LOCATION_ID |
+---------------+----------------------+------------+-------------+
|           120 | Treasury             |          0 |        1700 |
|           130 | Corporate Tax        |          0 |        1700 |
|           140 | Control And Credit   |          0 |        1700 |
|           150 | Shareholder Services |          0 |        1700 |
|           160 | Benefits             |          0 |        1700 |
|           170 | Manufacturing        |          0 |        1700 |
|           180 | Construction         |          0 |        1700 |
|           190 | Contracting          |          0 |        1700 |
|           200 | Operations           |          0 |        1700 |
|           210 | IT Support           |          0 |        1700 |
|           220 | NOC                  |          0 |        1700 |
|           230 | IT Helpdesk          |          0 |        1700 |
|           240 | Government Sales     |          0 |        1700 |
|           250 | Retail Sales         |          0 |        1700 |
|           260 | Recruiting           |          0 |        1700 |
|           270 | Payroll              |          0 |        1700 |
+---------------+----------------------+------------+-------------+
16 rows in set (0.00 sec)

MariaDB [csd2204w18]> select distinct salary from employees a where 3 >= (select count(distinct salary) from employees b where b.salary >= a.salary) order by a.salary desc;
+----------+
| salary   |
+----------+
| 24000.00 |
| 17000.00 |
| 14000.00 |
+----------+
3 rows in set (0.00 sec)

MariaDB [csd2204w18]> select distinct salary from employees a where 3 >= (select count(distinct salary) from employees b where b.salary <= a.salary) order by a.salary desc;
+---------+
| salary  |
+---------+
| 2400.00 |
| 2200.00 |
| 2100.00 |
+---------+
3 rows in set (0.00 sec)

MariaDB [csd2204w18]> select * from employees emp1 where (5) = (select count(distinct(emp2.salary)) from employees emp2.salary > emp1.saalry);
ERROR 1064 (42000): You have an error in your SQL syntax; check the manual that corresponds to your MariaDB server version for the right syntax to use near '.salary > emp1.saalry)' at line 1
MariaDB [csd2204w18]> select * from employees emp1 where (5) = (select count(distinct(emp2.salary)) from employees emp2.salary > emp1.salary);
ERROR 1064 (42000): You have an error in your SQL syntax; check the manual that corresponds to your MariaDB server version for the right syntax to use near '.salary > emp1.salary)' at line 1
MariaDB [csd2204w18]> select * from employees emp1 where (5) = (select count(distinct(emp2.salary)) from employees emp2 where emp2.salary > emp1.salary);
+-------------+------------+-----------+----------+--------------------+------------+--------+----------+----------------+------------+---------------+
| EMPLOYEE_ID | FIRST_NAME | LAST_NAME | EMAIL    | PHONE_NUMBER       | HIRE_DATE  | JOB_ID | SALARY   | COMMISSION_PCT | MANAGER_ID | DEPARTMENT_ID |
+-------------+------------+-----------+----------+--------------------+------------+--------+----------+----------------+------------+---------------+
|         108 | Nancy      | Greenberg | NGREENBE | 515.124.4569       | 1987-06-25 | FI_MGR | 12000.00 |           0.00 |        101 |           100 |
|         147 | Alberto    | Errazuriz | AERRAZUR | 011.44.1344.429278 | 1987-08-03 | SA_MAN | 12000.00 |           0.30 |        100 |            80 |
|         205 | Shelley    | Higgins   | SHIGGINS | 515.123.8080       | 1987-09-30 | AC_MGR | 12000.00 |           0.00 |        101 |           110 |
+-------------+------------+-----------+----------+--------------------+------------+--------+----------+----------------+------------+---------------+
3 rows in set (0.00 sec)

